Archive member included to satisfy reference by file (symbol)

c:/st/stm32cubeide_1.12.0/stm32cubeide/plugins/com.st.stm32cube.ide.mcu.externaltools.gnu-tools-for-stm32.10.3-2021.10.win32_1.0.200.202301161003/tools/bin/../lib/gcc/arm-none-eabi/10.3.1/../../../../arm-none-eabi/lib/thumb/v7-m/nofp\libc_nano.a(lib_a-errno.o)
                              ./Core/BSW/Src/syscalls.o (__errno)
c:/st/stm32cubeide_1.12.0/stm32cubeide/plugins/com.st.stm32cube.ide.mcu.externaltools.gnu-tools-for-stm32.10.3-2021.10.win32_1.0.200.202301161003/tools/bin/../lib/gcc/arm-none-eabi/10.3.1/../../../../arm-none-eabi/lib/thumb/v7-m/nofp\libc_nano.a(lib_a-exit.o)
                              c:/st/stm32cubeide_1.12.0/stm32cubeide/plugins/com.st.stm32cube.ide.mcu.externaltools.gnu-tools-for-stm32.10.3-2021.10.win32_1.0.200.202301161003/tools/bin/../lib/gcc/arm-none-eabi/10.3.1/../../../../arm-none-eabi/lib/thumb/v7-m/nofp/crt0.o (exit)
c:/st/stm32cubeide_1.12.0/stm32cubeide/plugins/com.st.stm32cube.ide.mcu.externaltools.gnu-tools-for-stm32.10.3-2021.10.win32_1.0.200.202301161003/tools/bin/../lib/gcc/arm-none-eabi/10.3.1/../../../../arm-none-eabi/lib/thumb/v7-m/nofp\libc_nano.a(lib_a-impure.o)
                              c:/st/stm32cubeide_1.12.0/stm32cubeide/plugins/com.st.stm32cube.ide.mcu.externaltools.gnu-tools-for-stm32.10.3-2021.10.win32_1.0.200.202301161003/tools/bin/../lib/gcc/arm-none-eabi/10.3.1/../../../../arm-none-eabi/lib/thumb/v7-m/nofp\libc_nano.a(lib_a-exit.o) (_global_impure_ptr)
c:/st/stm32cubeide_1.12.0/stm32cubeide/plugins/com.st.stm32cube.ide.mcu.externaltools.gnu-tools-for-stm32.10.3-2021.10.win32_1.0.200.202301161003/tools/bin/../lib/gcc/arm-none-eabi/10.3.1/../../../../arm-none-eabi/lib/thumb/v7-m/nofp\libc_nano.a(lib_a-init.o)
                              c:/st/stm32cubeide_1.12.0/stm32cubeide/plugins/com.st.stm32cube.ide.mcu.externaltools.gnu-tools-for-stm32.10.3-2021.10.win32_1.0.200.202301161003/tools/bin/../lib/gcc/arm-none-eabi/10.3.1/../../../../arm-none-eabi/lib/thumb/v7-m/nofp/crt0.o (__libc_init_array)
c:/st/stm32cubeide_1.12.0/stm32cubeide/plugins/com.st.stm32cube.ide.mcu.externaltools.gnu-tools-for-stm32.10.3-2021.10.win32_1.0.200.202301161003/tools/bin/../lib/gcc/arm-none-eabi/10.3.1/../../../../arm-none-eabi/lib/thumb/v7-m/nofp\libc_nano.a(lib_a-memset.o)
                              c:/st/stm32cubeide_1.12.0/stm32cubeide/plugins/com.st.stm32cube.ide.mcu.externaltools.gnu-tools-for-stm32.10.3-2021.10.win32_1.0.200.202301161003/tools/bin/../lib/gcc/arm-none-eabi/10.3.1/../../../../arm-none-eabi/lib/thumb/v7-m/nofp/crt0.o (memset)

Discarded input sections

 .text          0x0000000000000000        0x0 c:/st/stm32cubeide_1.12.0/stm32cubeide/plugins/com.st.stm32cube.ide.mcu.externaltools.gnu-tools-for-stm32.10.3-2021.10.win32_1.0.200.202301161003/tools/bin/../lib/gcc/arm-none-eabi/10.3.1/thumb/v7-m/nofp/crti.o
 .data          0x0000000000000000        0x0 c:/st/stm32cubeide_1.12.0/stm32cubeide/plugins/com.st.stm32cube.ide.mcu.externaltools.gnu-tools-for-stm32.10.3-2021.10.win32_1.0.200.202301161003/tools/bin/../lib/gcc/arm-none-eabi/10.3.1/thumb/v7-m/nofp/crti.o
 .bss           0x0000000000000000        0x0 c:/st/stm32cubeide_1.12.0/stm32cubeide/plugins/com.st.stm32cube.ide.mcu.externaltools.gnu-tools-for-stm32.10.3-2021.10.win32_1.0.200.202301161003/tools/bin/../lib/gcc/arm-none-eabi/10.3.1/thumb/v7-m/nofp/crti.o
 .data          0x0000000000000000        0x4 c:/st/stm32cubeide_1.12.0/stm32cubeide/plugins/com.st.stm32cube.ide.mcu.externaltools.gnu-tools-for-stm32.10.3-2021.10.win32_1.0.200.202301161003/tools/bin/../lib/gcc/arm-none-eabi/10.3.1/thumb/v7-m/nofp/crtbegin.o
 .rodata        0x0000000000000000       0x24 c:/st/stm32cubeide_1.12.0/stm32cubeide/plugins/com.st.stm32cube.ide.mcu.externaltools.gnu-tools-for-stm32.10.3-2021.10.win32_1.0.200.202301161003/tools/bin/../lib/gcc/arm-none-eabi/10.3.1/thumb/v7-m/nofp/crtbegin.o
 .text          0x0000000000000000       0x7c c:/st/stm32cubeide_1.12.0/stm32cubeide/plugins/com.st.stm32cube.ide.mcu.externaltools.gnu-tools-for-stm32.10.3-2021.10.win32_1.0.200.202301161003/tools/bin/../lib/gcc/arm-none-eabi/10.3.1/../../../../arm-none-eabi/lib/thumb/v7-m/nofp/crt0.o
 .data          0x0000000000000000        0x0 c:/st/stm32cubeide_1.12.0/stm32cubeide/plugins/com.st.stm32cube.ide.mcu.externaltools.gnu-tools-for-stm32.10.3-2021.10.win32_1.0.200.202301161003/tools/bin/../lib/gcc/arm-none-eabi/10.3.1/../../../../arm-none-eabi/lib/thumb/v7-m/nofp/crt0.o
 .bss           0x0000000000000000        0x0 c:/st/stm32cubeide_1.12.0/stm32cubeide/plugins/com.st.stm32cube.ide.mcu.externaltools.gnu-tools-for-stm32.10.3-2021.10.win32_1.0.200.202301161003/tools/bin/../lib/gcc/arm-none-eabi/10.3.1/../../../../arm-none-eabi/lib/thumb/v7-m/nofp/crt0.o
[...]
Memory Configuration

Name             Origin             Length             Attributes
RAM              0x0000000020000000 0x0000000000002800 xrw
FLASH            0x0000000008000000 0x0000000000008000 xr
*default*        0x0000000000000000 0xffffffffffffffff

Linker script and memory map

LOAD c:/st/stm32cubeide_1.12.0/stm32cubeide/plugins/com.st.stm32cube.ide.mcu.externaltools.gnu-tools-for-stm32.10.3-2021.10.win32_1.0.200.202301161003/tools/bin/../lib/gcc/arm-none-eabi/10.3.1/thumb/v7-m/nofp/crti.o
LOAD c:/st/stm32cubeide_1.12.0/stm32cubeide/plugins/com.st.stm32cube.ide.mcu.externaltools.gnu-tools-for-stm32.10.3-2021.10.win32_1.0.200.202301161003/tools/bin/../lib/gcc/arm-none-eabi/10.3.1/thumb/v7-m/nofp/crtbegin.o
LOAD c:/st/stm32cubeide_1.12.0/stm32cubeide/plugins/com.st.stm32cube.ide.mcu.externaltools.gnu-tools-for-stm32.10.3-2021.10.win32_1.0.200.202301161003/tools/bin/../lib/gcc/arm-none-eabi/10.3.1/../../../../arm-none-eabi/lib/thumb/v7-m/nofp/crt0.o
LOAD ./Core/APP/Display/Core/Display.o
LOAD ./Core/APP/ModeChange/Core/ModeChange.o
LOAD ./Core/APP/Trigger/Core/Trigger.o
LOAD ./Core/BSW/DigitalTube/Core/DigitalTube.o
LOAD ./Core/BSW/InM/Core/InM.o
LOAD ./Core/BSW/LittleOs/Config/Task.o
LOAD ./Core/BSW/LittleOs/Core/OS.o
LOAD ./Core/BSW/Src/gpio.o
LOAD ./Core/BSW/Src/iwdg.o
LOAD ./Core/BSW/Src/main.o
LOAD ./Core/BSW/Src/stm32f1xx_hal_msp.o
LOAD ./Core/BSW/Src/stm32f1xx_it.o
LOAD ./Core/BSW/Src/syscalls.o
LOAD ./Core/BSW/Src/sysmem.o
LOAD ./Core/BSW/Src/system_stm32f1xx.o
LOAD ./Core/BSW/Src/tim.o
LOAD ./Core/Startup/startup_stm32f103c6tx.o
LOAD ./Drivers/STM32F1xx_HAL_Driver/Src/stm32f1xx_hal.o
LOAD ./Drivers/STM32F1xx_HAL_Driver/Src/stm32f1xx_hal_cortex.o
LOAD ./Drivers/STM32F1xx_HAL_Driver/Src/stm32f1xx_hal_dma.o
LOAD ./Drivers/STM32F1xx_HAL_Driver/Src/stm32f1xx_hal_exti.o
LOAD ./Drivers/STM32F1xx_HAL_Driver/Src/stm32f1xx_hal_flash.o
LOAD ./Drivers/STM32F1xx_HAL_Driver/Src/stm32f1xx_hal_flash_ex.o
LOAD ./Drivers/STM32F1xx_HAL_Driver/Src/stm32f1xx_hal_gpio.o
LOAD ./Drivers/STM32F1xx_HAL_Driver/Src/stm32f1xx_hal_gpio_ex.o
LOAD ./Drivers/STM32F1xx_HAL_Driver/Src/stm32f1xx_hal_iwdg.o
LOAD ./Drivers/STM32F1xx_HAL_Driver/Src/stm32f1xx_hal_pwr.o
LOAD ./Drivers/STM32F1xx_HAL_Driver/Src/stm32f1xx_hal_rcc.o
LOAD ./Drivers/STM32F1xx_HAL_Driver/Src/stm32f1xx_hal_rcc_ex.o
LOAD ./Drivers/STM32F1xx_HAL_Driver/Src/stm32f1xx_hal_tim.o
LOAD ./Drivers/STM32F1xx_HAL_Driver/Src/stm32f1xx_hal_tim_ex.o
START GROUP
LOAD c:/st/stm32cubeide_1.12.0/stm32cubeide/plugins/com.st.stm32cube.ide.mcu.externaltools.gnu-tools-for-stm32.10.3-2021.10.win32_1.0.200.202301161003/tools/bin/../lib/gcc/arm-none-eabi/10.3.1/../../../../arm-none-eabi/lib/thumb/v7-m/nofp\libc_nano.a
LOAD c:/st/stm32cubeide_1.12.0/stm32cubeide/plugins/com.st.stm32cube.ide.mcu.externaltools.gnu-tools-for-stm32.10.3-2021.10.win32_1.0.200.202301161003/tools/bin/../lib/gcc/arm-none-eabi/10.3.1/../../../../arm-none-eabi/lib/thumb/v7-m/nofp\libm.a
END GROUP
START GROUP
LOAD c:/st/stm32cubeide_1.12.0/stm32cubeide/plugins/com.st.stm32cube.ide.mcu.externaltools.gnu-tools-for-stm32.10.3-2021.10.win32_1.0.200.202301161003/tools/bin/../lib/gcc/arm-none-eabi/10.3.1/thumb/v7-m/nofp\libgcc.a
LOAD c:/st/stm32cubeide_1.12.0/stm32cubeide/plugins/com.st.stm32cube.ide.mcu.externaltools.gnu-tools-for-stm32.10.3-2021.10.win32_1.0.200.202301161003/tools/bin/../lib/gcc/arm-none-eabi/10.3.1/../../../../arm-none-eabi/lib/thumb/v7-m/nofp\libc_nano.a
END GROUP
START GROUP
LOAD c:/st/stm32cubeide_1.12.0/stm32cubeide/plugins/com.st.stm32cube.ide.mcu.externaltools.gnu-tools-for-stm32.10.3-2021.10.win32_1.0.200.202301161003/tools/bin/../lib/gcc/arm-none-eabi/10.3.1/thumb/v7-m/nofp\libgcc.a
LOAD c:/st/stm32cubeide_1.12.0/stm32cubeide/plugins/com.st.stm32cube.ide.mcu.externaltools.gnu-tools-for-stm32.10.3-2021.10.win32_1.0.200.202301161003/tools/bin/../lib/gcc/arm-none-eabi/10.3.1/../../../../arm-none-eabi/lib/thumb/v7-m/nofp\libc_nano.a
LOAD c:/st/stm32cubeide_1.12.0/stm32cubeide/plugins/com.st.stm32cube.ide.mcu.externaltools.gnu-tools-for-stm32.10.3-2021.10.win32_1.0.200.202301161003/tools/bin/../lib/gcc/arm-none-eabi/10.3.1/../../../../arm-none-eabi/lib/thumb/v7-m/nofp\libnosys.a
END GROUP
START GROUP
LOAD c:/st/stm32cubeide_1.12.0/stm32cubeide/plugins/com.st.stm32cube.ide.mcu.externaltools.gnu-tools-for-stm32.10.3-2021.10.win32_1.0.200.202301161003/tools/bin/../lib/gcc/arm-none-eabi/10.3.1/thumb/v7-m/nofp\libgcc.a
LOAD c:/st/stm32cubeide_1.12.0/stm32cubeide/plugins/com.st.stm32cube.ide.mcu.externaltools.gnu-tools-for-stm32.10.3-2021.10.win32_1.0.200.202301161003/tools/bin/../lib/gcc/arm-none-eabi/10.3.1/../../../../arm-none-eabi/lib/thumb/v7-m/nofp\libc_nano.a
LOAD c:/st/stm32cubeide_1.12.0/stm32cubeide/plugins/com.st.stm32cube.ide.mcu.externaltools.gnu-tools-for-stm32.10.3-2021.10.win32_1.0.200.202301161003/tools/bin/../lib/gcc/arm-none-eabi/10.3.1/../../../../arm-none-eabi/lib/thumb/v7-m/nofp\libnosys.a
END GROUP
LOAD c:/st/stm32cubeide_1.12.0/stm32cubeide/plugins/com.st.stm32cube.ide.mcu.externaltools.gnu-tools-for-stm32.10.3-2021.10.win32_1.0.200.202301161003/tools/bin/../lib/gcc/arm-none-eabi/10.3.1/thumb/v7-m/nofp/crtend.o
LOAD c:/st/stm32cubeide_1.12.0/stm32cubeide/plugins/com.st.stm32cube.ide.mcu.externaltools.gnu-tools-for-stm32.10.3-2021.10.win32_1.0.200.202301161003/tools/bin/../lib/gcc/arm-none-eabi/10.3.1/thumb/v7-m/nofp/crtn.o
                0x0000000020002800                _estack = (ORIGIN (RAM) + LENGTH (RAM))
                0x0000000000000200                _Min_Heap_Size = 0x200
                0x0000000000000400                _Min_Stack_Size = 0x400

.isr_vector     0x0000000008000000      0x10c
                0x0000000008000000                . = ALIGN (0x4)
 *(.isr_vector)
 .isr_vector    0x0000000008000000      0x10c ./Core/Startup/startup_stm32f103c6tx.o
                0x0000000008000000                g_pfnVectors
                0x000000000800010c                . = ALIGN (0x4)

.text           0x000000000800010c     0x2410
                0x000000000800010c                . = ALIGN (0x4)
 *(.text)
 .text          0x000000000800010c       0x40 c:/st/stm32cubeide_1.12.0/stm32cubeide/plugins/com.st.stm32cube.ide.mcu.externaltools.gnu-tools-for-stm32.10.3-2021.10.win32_1.0.200.202301161003/tools/bin/../lib/gcc/arm-none-eabi/10.3.1/thumb/v7-m/nofp/crtbegin.o
 *(.text*)
 .text.DP_Polling
                0x000000000800014c       0x14 ./Core/APP/Display/Core/Display.o
                0x000000000800014c                DP_Polling
 .text.DP_IndexLogic
                0x0000000008000160      0x118 ./Core/APP/Display/Core/Display.o
 .text.DP_ModeLogic
                0x0000000008000278       0xb0 ./Core/APP/Display/Core/Display.o
 .text.DP_Output
                0x0000000008000328       0x54 ./Core/APP/Display/Core/Display.o
 .text.MC_Polling
                0x000000000800037c       0xac ./Core/APP/ModeChange/Core/ModeChange.o
                0x000000000800037c                MC_Polling
 .text.TG_Polling
                0x0000000008000428       0xa0 ./Core/APP/Trigger/Core/Trigger.o
                0x0000000008000428                TG_Polling
 .text.TG_Calculate_Time
                0x00000000080004c8       0xbc ./Core/APP/Trigger/Core/Trigger.o
 .text.DT_Polling
                0x0000000008000584       0x50 ./Core/BSW/DigitalTube/Core/DigitalTube.o
                0x0000000008000584                DT_Polling
 .text.DT_Display_DIG1
                0x00000000080005d4       0x44 ./Core/BSW/DigitalTube/Core/DigitalTube.o
 .text.DT_Display_DIG2
                0x0000000008000618       0x44 ./Core/BSW/DigitalTube/Core/DigitalTube.o
 .text.DT_Display_DIG3
                0x000000000800065c       0x44 ./Core/BSW/DigitalTube/Core/DigitalTube.o
 .text.DT_Display
                0x00000000080006a0      0x148 ./Core/BSW/DigitalTube/Core/DigitalTube.o
 .text.InM_Gather
                0x00000000080007e8       0x7c ./Core/BSW/InM/Core/InM.o
                0x00000000080007e8                InM_Gather
 .text.InM_ButtonDetect
                0x0000000008000864       0xa4 ./Core/BSW/InM/Core/InM.o
                0x0000000008000864                InM_ButtonDetect
 .text.OS_1ms   0x0000000008000908        0xc ./Core/BSW/LittleOs/Config/Task.o
                0x0000000008000908                OS_1ms
 .text.OS_2ms   0x0000000008000914        0xc ./Core/BSW/LittleOs/Config/Task.o
                0x0000000008000914                OS_2ms
 .text.OS_4ms1  0x0000000008000920        0xc ./Core/BSW/LittleOs/Config/Task.o
                0x0000000008000920                OS_4ms1
 .text.OS_8ms3  0x000000000800092c       0x14 ./Core/BSW/LittleOs/Config/Task.o
                0x000000000800092c                OS_8ms3
 .text.OS_8ms7  0x0000000008000940       0x14 ./Core/BSW/LittleOs/Config/Task.o
                0x0000000008000940                OS_8ms7
 .text.OS_Idle  0x0000000008000954        0xc ./Core/BSW/LittleOs/Config/Task.o
                0x0000000008000954                OS_Idle
 .text.LittleHeartFunc
                0x0000000008000960       0x18 ./Core/BSW/LittleOs/Core/OS.o
                0x0000000008000960                LittleHeartFunc
 .text.OS       0x0000000008000978       0x80 ./Core/BSW/LittleOs/Core/OS.o
                0x0000000008000978                OS
 .text.MX_GPIO_Init
                0x00000000080009f8      0x13c ./Core/BSW/Src/gpio.o
                0x00000000080009f8                MX_GPIO_Init
 .text.MX_IWDG_Init
                0x0000000008000b34       0x34 ./Core/BSW/Src/iwdg.o
                0x0000000008000b34                MX_IWDG_Init
 .text.main     0x0000000008000b68       0x28 ./Core/BSW/Src/main.o
                0x0000000008000b68                main
 .text.SystemClock_Config
                0x0000000008000b90       0x8e ./Core/BSW/Src/main.o
                0x0000000008000b90                SystemClock_Config
 .text.HAL_TIM_PeriodElapsedCallback
                0x0000000008000c1e       0x1e ./Core/BSW/Src/main.o
                0x0000000008000c1e                HAL_TIM_PeriodElapsedCallback
 .text.Error_Handler
                0x0000000008000c3c        0xa ./Core/BSW/Src/main.o
                0x0000000008000c3c                Error_Handler
 *fill*         0x0000000008000c46        0x2 
 .text.HAL_MspInit
                0x0000000008000c48       0x64 ./Core/BSW/Src/stm32f1xx_hal_msp.o
                0x0000000008000c48                HAL_MspInit
 .text.NMI_Handler
                0x0000000008000cac        0x6 ./Core/BSW/Src/stm32f1xx_it.o
                0x0000000008000cac                NMI_Handler
 .text.HardFault_Handler
                0x0000000008000cb2        0x6 ./Core/BSW/Src/stm32f1xx_it.o
                0x0000000008000cb2                HardFault_Handler
 .text.MemManage_Handler
                0x0000000008000cb8        0x6 ./Core/BSW/Src/stm32f1xx_it.o
                0x0000000008000cb8                MemManage_Handler
 .text.BusFault_Handler
                0x0000000008000cbe        0x6 ./Core/BSW/Src/stm32f1xx_it.o
                0x0000000008000cbe                BusFault_Handler
 .text.UsageFault_Handler
                0x0000000008000cc4        0x6 ./Core/BSW/Src/stm32f1xx_it.o
                0x0000000008000cc4                UsageFault_Handler
 .text.SVC_Handler
                0x0000000008000cca        0xc ./Core/BSW/Src/stm32f1xx_it.o
                0x0000000008000cca                SVC_Handler
 .text.DebugMon_Handler
                0x0000000008000cd6        0xc ./Core/BSW/Src/stm32f1xx_it.o
                0x0000000008000cd6                DebugMon_Handler
 .text.PendSV_Handler
                0x0000000008000ce2        0xc ./Core/BSW/Src/stm32f1xx_it.o
                0x0000000008000ce2                PendSV_Handler
 .text.SysTick_Handler
                0x0000000008000cee        0xc ./Core/BSW/Src/stm32f1xx_it.o
                0x0000000008000cee                SysTick_Handler
 *fill*         0x0000000008000cfa        0x2 
 .text.TIM2_IRQHandler
                0x0000000008000cfc       0x14 ./Core/BSW/Src/stm32f1xx_it.o
                0x0000000008000cfc                TIM2_IRQHandler
 .text.SystemInit
                0x0000000008000d10        0xc ./Core/BSW/Src/system_stm32f1xx.o
                0x0000000008000d10                SystemInit
 .text.MX_TIM2_Init
                0x0000000008000d1c       0x98 ./Core/BSW/Src/tim.o
                0x0000000008000d1c                MX_TIM2_Init
 .text.HAL_TIM_Base_MspInit
                0x0000000008000db4       0x48 ./Core/BSW/Src/tim.o
                0x0000000008000db4                HAL_TIM_Base_MspInit
 .text.Reset_Handler
                0x0000000008000dfc       0x48 ./Core/Startup/startup_stm32f103c6tx.o
                0x0000000008000dfc                Reset_Handler
 .text.Default_Handler
                0x0000000008000e44        0x2 ./Core/Startup/startup_stm32f103c6tx.o
                0x0000000008000e44                RTC_Alarm_IRQHandler
                0x0000000008000e44                EXTI2_IRQHandler
                0x0000000008000e44                TIM1_CC_IRQHandler
                0x0000000008000e44                PVD_IRQHandler
                0x0000000008000e44                EXTI3_IRQHandler
                0x0000000008000e44                EXTI0_IRQHandler
                0x0000000008000e44                ADC1_2_IRQHandler
                0x0000000008000e44                SPI1_IRQHandler
                0x0000000008000e44                TAMPER_IRQHandler
                0x0000000008000e44                DMA1_Channel4_IRQHandler
                0x0000000008000e44                RTC_IRQHandler
                0x0000000008000e44                DMA1_Channel7_IRQHandler
                0x0000000008000e44                CAN1_RX1_IRQHandler
                0x0000000008000e44                I2C1_EV_IRQHandler
                0x0000000008000e44                DMA1_Channel6_IRQHandler
                0x0000000008000e44                TIM3_IRQHandler
                0x0000000008000e44                RCC_IRQHandler
                0x0000000008000e44                TIM1_TRG_COM_IRQHandler
                0x0000000008000e44                DMA1_Channel1_IRQHandler
                0x0000000008000e44                Default_Handler
                0x0000000008000e44                EXTI15_10_IRQHandler
                0x0000000008000e44                EXTI9_5_IRQHandler
                0x0000000008000e44                DMA1_Channel5_IRQHandler
                0x0000000008000e44                EXTI4_IRQHandler
                0x0000000008000e44                USB_LP_CAN1_RX0_IRQHandler
                0x0000000008000e44                USB_HP_CAN1_TX_IRQHandler
                0x0000000008000e44                DMA1_Channel3_IRQHandler
                0x0000000008000e44                TIM1_UP_IRQHandler
                0x0000000008000e44                WWDG_IRQHandler
                0x0000000008000e44                TIM1_BRK_IRQHandler
                0x0000000008000e44                EXTI1_IRQHandler
                0x0000000008000e44                USART2_IRQHandler
                0x0000000008000e44                DMA1_Channel2_IRQHandler
                0x0000000008000e44                CAN1_SCE_IRQHandler
                0x0000000008000e44                FLASH_IRQHandler
                0x0000000008000e44                USART1_IRQHandler
                0x0000000008000e44                I2C1_ER_IRQHandler
                0x0000000008000e44                USBWakeUp_IRQHandler
 *fill*         0x0000000008000e46        0x2 
 .text.HAL_Init
                0x0000000008000e48       0x2c ./Drivers/STM32F1xx_HAL_Driver/Src/stm32f1xx_hal.o
                0x0000000008000e48                HAL_Init
 .text.HAL_InitTick
                0x0000000008000e74       0x60 ./Drivers/STM32F1xx_HAL_Driver/Src/stm32f1xx_hal.o
                0x0000000008000e74                HAL_InitTick
 .text.HAL_IncTick
                0x0000000008000ed4       0x24 ./Drivers/STM32F1xx_HAL_Driver/Src/stm32f1xx_hal.o
                0x0000000008000ed4                HAL_IncTick
 .text.HAL_GetTick
                0x0000000008000ef8       0x14 ./Drivers/STM32F1xx_HAL_Driver/Src/stm32f1xx_hal.o
                0x0000000008000ef8                HAL_GetTick
 .text.__NVIC_SetPriorityGrouping
                0x0000000008000f0c       0x48 ./Drivers/STM32F1xx_HAL_Driver/Src/stm32f1xx_hal_cortex.o
 .text.__NVIC_GetPriorityGrouping
                0x0000000008000f54       0x1c ./Drivers/STM32F1xx_HAL_Driver/Src/stm32f1xx_hal_cortex.o
 .text.__NVIC_EnableIRQ
                0x0000000008000f70       0x38 ./Drivers/STM32F1xx_HAL_Driver/Src/stm32f1xx_hal_cortex.o
 .text.__NVIC_SetPriority
                0x0000000008000fa8       0x54 ./Drivers/STM32F1xx_HAL_Driver/Src/stm32f1xx_hal_cortex.o
 .text.NVIC_EncodePriority
                0x0000000008000ffc       0x64 ./Drivers/STM32F1xx_HAL_Driver/Src/stm32f1xx_hal_cortex.o
 .text.SysTick_Config
                0x0000000008001060       0x44 ./Drivers/STM32F1xx_HAL_Driver/Src/stm32f1xx_hal_cortex.o
 .text.HAL_NVIC_SetPriorityGrouping
                0x00000000080010a4       0x16 ./Drivers/STM32F1xx_HAL_Driver/Src/stm32f1xx_hal_cortex.o
                0x00000000080010a4                HAL_NVIC_SetPriorityGrouping
 .text.HAL_NVIC_SetPriority
                0x00000000080010ba       0x38 ./Drivers/STM32F1xx_HAL_Driver/Src/stm32f1xx_hal_cortex.o
                0x00000000080010ba                HAL_NVIC_SetPriority
 .text.HAL_NVIC_EnableIRQ
                0x00000000080010f2       0x1c ./Drivers/STM32F1xx_HAL_Driver/Src/stm32f1xx_hal_cortex.o
                0x00000000080010f2                HAL_NVIC_EnableIRQ
 .text.HAL_SYSTICK_Config
                0x000000000800110e       0x18 ./Drivers/STM32F1xx_HAL_Driver/Src/stm32f1xx_hal_cortex.o
                0x000000000800110e                HAL_SYSTICK_Config
 *fill*         0x0000000008001126        0x2 
 .text.HAL_GPIO_Init
                0x0000000008001128      0x2f8 ./Drivers/STM32F1xx_HAL_Driver/Src/stm32f1xx_hal_gpio.o
                0x0000000008001128                HAL_GPIO_Init
 .text.HAL_GPIO_ReadPin
                0x0000000008001420       0x2e ./Drivers/STM32F1xx_HAL_Driver/Src/stm32f1xx_hal_gpio.o
                0x0000000008001420                HAL_GPIO_ReadPin
 .text.HAL_GPIO_WritePin
                0x000000000800144e       0x30 ./Drivers/STM32F1xx_HAL_Driver/Src/stm32f1xx_hal_gpio.o
                0x000000000800144e                HAL_GPIO_WritePin
 .text.HAL_IWDG_Init
                0x000000000800147e       0x84 ./Drivers/STM32F1xx_HAL_Driver/Src/stm32f1xx_hal_iwdg.o
                0x000000000800147e                HAL_IWDG_Init
 .text.HAL_IWDG_Refresh
                0x0000000008001502       0x1e ./Drivers/STM32F1xx_HAL_Driver/Src/stm32f1xx_hal_iwdg.o
                0x0000000008001502                HAL_IWDG_Refresh
 .text.HAL_RCC_OscConfig
                0x0000000008001520      0x504 ./Drivers/STM32F1xx_HAL_Driver/Src/stm32f1xx_hal_rcc.o
                0x0000000008001520                HAL_RCC_OscConfig
 .text.HAL_RCC_ClockConfig
                0x0000000008001a24      0x1d4 ./Drivers/STM32F1xx_HAL_Driver/Src/stm32f1xx_hal_rcc.o
                0x0000000008001a24                HAL_RCC_ClockConfig
 .text.HAL_RCC_GetSysClockFreq
                0x0000000008001bf8       0xa8 ./Drivers/STM32F1xx_HAL_Driver/Src/stm32f1xx_hal_rcc.o
                0x0000000008001bf8                HAL_RCC_GetSysClockFreq
 .text.RCC_Delay
                0x0000000008001ca0       0x3c ./Drivers/STM32F1xx_HAL_Driver/Src/stm32f1xx_hal_rcc.o
 .text.HAL_TIM_Base_Init
                0x0000000008001cdc       0x9e ./Drivers/STM32F1xx_HAL_Driver/Src/stm32f1xx_hal_tim.o
                0x0000000008001cdc                HAL_TIM_Base_Init
 *fill*         0x0000000008001d7a        0x2 
 .text.HAL_TIM_Base_Start_IT
                0x0000000008001d7c       0x98 ./Drivers/STM32F1xx_HAL_Driver/Src/stm32f1xx_hal_tim.o
                0x0000000008001d7c                HAL_TIM_Base_Start_IT
 .text.HAL_TIM_IRQHandler
                0x0000000008001e14      0x210 ./Drivers/STM32F1xx_HAL_Driver/Src/stm32f1xx_hal_tim.o
                0x0000000008001e14                HAL_TIM_IRQHandler
 .text.HAL_TIM_ConfigClockSource
                0x0000000008002024      0x18e ./Drivers/STM32F1xx_HAL_Driver/Src/stm32f1xx_hal_tim.o
                0x0000000008002024                HAL_TIM_ConfigClockSource
 .text.HAL_TIM_OC_DelayElapsedCallback
                0x00000000080021b2       0x12 ./Drivers/STM32F1xx_HAL_Driver/Src/stm32f1xx_hal_tim.o
                0x00000000080021b2                HAL_TIM_OC_DelayElapsedCallback
 .text.HAL_TIM_IC_CaptureCallback
                0x00000000080021c4       0x12 ./Drivers/STM32F1xx_HAL_Driver/Src/stm32f1xx_hal_tim.o
                0x00000000080021c4                HAL_TIM_IC_CaptureCallback
 .text.HAL_TIM_PWM_PulseFinishedCallback
                0x00000000080021d6       0x12 ./Drivers/STM32F1xx_HAL_Driver/Src/stm32f1xx_hal_tim.o
                0x00000000080021d6                HAL_TIM_PWM_PulseFinishedCallback
 .text.HAL_TIM_TriggerCallback
                0x00000000080021e8       0x12 ./Drivers/STM32F1xx_HAL_Driver/Src/stm32f1xx_hal_tim.o
                0x00000000080021e8                HAL_TIM_TriggerCallback
 *fill*         0x00000000080021fa        0x2 
 .text.TIM_Base_SetConfig
                0x00000000080021fc       0xb0 ./Drivers/STM32F1xx_HAL_Driver/Src/stm32f1xx_hal_tim.o
                0x00000000080021fc                TIM_Base_SetConfig
 .text.TIM_TI1_ConfigInputStage
                0x00000000080022ac       0x5c ./Drivers/STM32F1xx_HAL_Driver/Src/stm32f1xx_hal_tim.o
 .text.TIM_TI2_ConfigInputStage
                0x0000000008002308       0x5e ./Drivers/STM32F1xx_HAL_Driver/Src/stm32f1xx_hal_tim.o
 .text.TIM_ITRx_SetConfig
                0x0000000008002366       0x34 ./Drivers/STM32F1xx_HAL_Driver/Src/stm32f1xx_hal_tim.o
 .text.TIM_ETR_SetConfig
                0x000000000800239a       0x3e ./Drivers/STM32F1xx_HAL_Driver/Src/stm32f1xx_hal_tim.o
                0x000000000800239a                TIM_ETR_SetConfig
 .text.HAL_TIMEx_MasterConfigSynchronization
                0x00000000080023d8       0xb0 ./Drivers/STM32F1xx_HAL_Driver/Src/stm32f1xx_hal_tim_ex.o
                0x00000000080023d8                HAL_TIMEx_MasterConfigSynchronization
 .text.HAL_TIMEx_CommutCallback
                0x0000000008002488       0x12 ./Drivers/STM32F1xx_HAL_Driver/Src/stm32f1xx_hal_tim_ex.o
                0x0000000008002488                HAL_TIMEx_CommutCallback
 .text.HAL_TIMEx_BreakCallback
                0x000000000800249a       0x12 ./Drivers/STM32F1xx_HAL_Driver/Src/stm32f1xx_hal_tim_ex.o
                0x000000000800249a                HAL_TIMEx_BreakCallback
 .text.__libc_init_array
                0x00000000080024ac       0x48 c:/st/stm32cubeide_1.12.0/stm32cubeide/plugins/com.st.stm32cube.ide.mcu.externaltools.gnu-tools-for-stm32.10.3-2021.10.win32_1.0.200.202301161003/tools/bin/../lib/gcc/arm-none-eabi/10.3.1/../../../../arm-none-eabi/lib/thumb/v7-m/nofp\libc_nano.a(lib_a-init.o)
                0x00000000080024ac                __libc_init_array
 .text.memset   0x00000000080024f4       0x10 c:/st/stm32cubeide_1.12.0/stm32cubeide/plugins/com.st.stm32cube.ide.mcu.externaltools.gnu-tools-for-stm32.10.3-2021.10.win32_1.0.200.202301161003/tools/bin/../lib/gcc/arm-none-eabi/10.3.1/../../../../arm-none-eabi/lib/thumb/v7-m/nofp\libc_nano.a(lib_a-memset.o)
                0x00000000080024f4                memset
 *(.glue_7)
 .glue_7        0x0000000008002504        0x0 linker stubs
 *(.glue_7t)
 .glue_7t       0x0000000008002504        0x0 linker stubs
 *(.eh_frame)
 .eh_frame      0x0000000008002504        0x0 c:/st/stm32cubeide_1.12.0/stm32cubeide/plugins/com.st.stm32cube.ide.mcu.externaltools.gnu-tools-for-stm32.10.3-2021.10.win32_1.0.200.202301161003/tools/bin/../lib/gcc/arm-none-eabi/10.3.1/thumb/v7-m/nofp/crtbegin.o
 *(.init)
 .init          0x0000000008002504        0x4 c:/st/stm32cubeide_1.12.0/stm32cubeide/plugins/com.st.stm32cube.ide.mcu.externaltools.gnu-tools-for-stm32.10.3-2021.10.win32_1.0.200.202301161003/tools/bin/../lib/gcc/arm-none-eabi/10.3.1/thumb/v7-m/nofp/crti.o
                0x0000000008002504                _init
 .init          0x0000000008002508        0x8 c:/st/stm32cubeide_1.12.0/stm32cubeide/plugins/com.st.stm32cube.ide.mcu.externaltools.gnu-tools-for-stm32.10.3-2021.10.win32_1.0.200.202301161003/tools/bin/../lib/gcc/arm-none-eabi/10.3.1/thumb/v7-m/nofp/crtn.o
 *(.fini)
 .fini          0x0000000008002510        0x4 c:/st/stm32cubeide_1.12.0/stm32cubeide/plugins/com.st.stm32cube.ide.mcu.externaltools.gnu-tools-for-stm32.10.3-2021.10.win32_1.0.200.202301161003/tools/bin/../lib/gcc/arm-none-eabi/10.3.1/thumb/v7-m/nofp/crti.o
                0x0000000008002510                _fini
 .fini          0x0000000008002514        0x8 c:/st/stm32cubeide_1.12.0/stm32cubeide/plugins/com.st.stm32cube.ide.mcu.externaltools.gnu-tools-for-stm32.10.3-2021.10.win32_1.0.200.202301161003/tools/bin/../lib/gcc/arm-none-eabi/10.3.1/thumb/v7-m/nofp/crtn.o
                0x000000000800251c                . = ALIGN (0x4)
                0x000000000800251c                _etext = .

.vfp11_veneer   0x000000000800251c        0x0
 .vfp11_veneer  0x000000000800251c        0x0 linker stubs

.v4_bx          0x000000000800251c        0x0
 .v4_bx         0x000000000800251c        0x0 linker stubs

.iplt           0x000000000800251c        0x0
 .iplt          0x000000000800251c        0x0 c:/st/stm32cubeide_1.12.0/stm32cubeide/plugins/com.st.stm32cube.ide.mcu.externaltools.gnu-tools-for-stm32.10.3-2021.10.win32_1.0.200.202301161003/tools/bin/../lib/gcc/arm-none-eabi/10.3.1/thumb/v7-m/nofp/crtbegin.o

.rodata         0x000000000800251c       0x30
                0x000000000800251c                . = ALIGN (0x4)
 *(.rodata)
 *(.rodata*)
 .rodata.DP_Show
                0x000000000800251c        0xa ./Core/APP/Display/Core/Display.o
                0x000000000800251c                DP_Show
 *fill*         0x0000000008002526        0x2 
 .rodata.AHBPrescTable
                0x0000000008002528       0x10 ./Core/BSW/Src/system_stm32f1xx.o
                0x0000000008002528                AHBPrescTable
 .rodata.aPLLMULFactorTable.1
                0x0000000008002538       0x10 ./Drivers/STM32F1xx_HAL_Driver/Src/stm32f1xx_hal_rcc.o
 .rodata.aPredivFactorTable.0
                0x0000000008002548        0x2 ./Drivers/STM32F1xx_HAL_Driver/Src/stm32f1xx_hal_rcc.o
                0x000000000800254c                . = ALIGN (0x4)
 *fill*         0x000000000800254a        0x2 

.rel.dyn        0x000000000800254c        0x0
 .rel.iplt      0x000000000800254c        0x0 c:/st/stm32cubeide_1.12.0/stm32cubeide/plugins/com.st.stm32cube.ide.mcu.externaltools.gnu-tools-for-stm32.10.3-2021.10.win32_1.0.200.202301161003/tools/bin/../lib/gcc/arm-none-eabi/10.3.1/thumb/v7-m/nofp/crtbegin.o

.ARM.extab      0x000000000800254c        0x0
                0x000000000800254c                . = ALIGN (0x4)
 *(.ARM.extab* .gnu.linkonce.armextab.*)
                0x000000000800254c                . = ALIGN (0x4)

.ARM            0x000000000800254c        0x0
                0x000000000800254c                . = ALIGN (0x4)
                0x000000000800254c                __exidx_start = .
 *(.ARM.exidx*)
                0x000000000800254c                __exidx_end = .
                0x000000000800254c                . = ALIGN (0x4)

.preinit_array  0x000000000800254c        0x0
                0x000000000800254c                . = ALIGN (0x4)
                0x000000000800254c                PROVIDE (__preinit_array_start = .)
 *(.preinit_array*)
                0x000000000800254c                PROVIDE (__preinit_array_end = .)
                0x000000000800254c                . = ALIGN (0x4)

.init_array     0x000000000800254c        0x4
                0x000000000800254c                . = ALIGN (0x4)
                0x000000000800254c                PROVIDE (__init_array_start = .)
 *(SORT_BY_NAME(.init_array.*))
 *(.init_array*)
 .init_array    0x000000000800254c        0x4 c:/st/stm32cubeide_1.12.0/stm32cubeide/plugins/com.st.stm32cube.ide.mcu.externaltools.gnu-tools-for-stm32.10.3-2021.10.win32_1.0.200.202301161003/tools/bin/../lib/gcc/arm-none-eabi/10.3.1/thumb/v7-m/nofp/crtbegin.o
                0x0000000008002550                PROVIDE (__init_array_end = .)
                0x0000000008002550                . = ALIGN (0x4)

.fini_array     0x0000000008002550        0x4
                0x0000000008002550                . = ALIGN (0x4)
                [!provide]                        PROVIDE (__fini_array_start = .)
 *(SORT_BY_NAME(.fini_array.*))
 *(.fini_array*)
 .fini_array    0x0000000008002550        0x4 c:/st/stm32cubeide_1.12.0/stm32cubeide/plugins/com.st.stm32cube.ide.mcu.externaltools.gnu-tools-for-stm32.10.3-2021.10.win32_1.0.200.202301161003/tools/bin/../lib/gcc/arm-none-eabi/10.3.1/thumb/v7-m/nofp/crtbegin.o
                [!provide]                        PROVIDE (__fini_array_end = .)
                0x0000000008002554                . = ALIGN (0x4)
                0x0000000008002554                _sidata = LOADADDR (.data)

.data           0x0000000020000000       0x34 load address 0x0000000008002554
                0x0000000020000000                . = ALIGN (0x4)
                0x0000000020000000                _sdata = .
 *(.data)
 *(.data*)
 .data.TaskTable
                0x0000000020000000       0x28 ./Core/BSW/LittleOs/Config/Task.o
                0x0000000020000000                TaskTable
 .data.SystemCoreClock
                0x0000000020000028        0x4 ./Core/BSW/Src/system_stm32f1xx.o
                0x0000000020000028                SystemCoreClock
 .data.uwTickPrio
                0x000000002000002c        0x4 ./Drivers/STM32F1xx_HAL_Driver/Src/stm32f1xx_hal.o
                0x000000002000002c                uwTickPrio
 .data.uwTickFreq
                0x0000000020000030        0x1 ./Drivers/STM32F1xx_HAL_Driver/Src/stm32f1xx_hal.o
                0x0000000020000030                uwTickFreq
 *(.RamFunc)
 *(.RamFunc*)
                0x0000000020000034                . = ALIGN (0x4)
 *fill*         0x0000000020000031        0x3 
                0x0000000020000034                _edata = .

.igot.plt       0x0000000020000034        0x0 load address 0x0000000008002588
 .igot.plt      0x0000000020000034        0x0 c:/st/stm32cubeide_1.12.0/stm32cubeide/plugins/com.st.stm32cube.ide.mcu.externaltools.gnu-tools-for-stm32.10.3-2021.10.win32_1.0.200.202301161003/tools/bin/../lib/gcc/arm-none-eabi/10.3.1/thumb/v7-m/nofp/crtbegin.o
                0x0000000020000034                . = ALIGN (0x4)

.bss            0x0000000020000034       0x90 load address 0x0000000008002588
                0x0000000020000034                _sbss = .
                0x0000000020000034                __bss_start__ = _sbss
 *(.bss)
 .bss           0x0000000020000034       0x1c c:/st/stm32cubeide_1.12.0/stm32cubeide/plugins/com.st.stm32cube.ide.mcu.externaltools.gnu-tools-for-stm32.10.3-2021.10.win32_1.0.200.202301161003/tools/bin/../lib/gcc/arm-none-eabi/10.3.1/thumb/v7-m/nofp/crtbegin.o
 *(.bss*)
 .bss.DP_Index_1
                0x0000000020000050        0x1 ./Core/APP/Display/Core/Display.o
                0x0000000020000050                DP_Index_1
 .bss.DP_Index_2
                0x0000000020000051        0x1 ./Core/APP/Display/Core/Display.o
                0x0000000020000051                DP_Index_2
 .bss.DP_Index_3
                0x0000000020000052        0x1 ./Core/APP/Display/Core/Display.o
                0x0000000020000052                DP_Index_3
 .bss.PreSate.1
                0x0000000020000053        0x1 ./Core/APP/Display/Core/Display.o
 .bss.PreSate1.0
                0x0000000020000054        0x1 ./Core/APP/Display/Core/Display.o
 .bss.TgMode    0x0000000020000055        0x1 ./Core/APP/ModeChange/Core/ModeChange.o
                0x0000000020000055                TgMode
 .bss.PreSate.0
                0x0000000020000056        0x1 ./Core/APP/ModeChange/Core/ModeChange.o
 *fill*         0x0000000020000057        0x1 
 .bss.TG_Time   0x0000000020000058        0x4 ./Core/APP/Trigger/Core/Trigger.o
                0x0000000020000058                TG_Time
 .bss.PreSate.1
                0x000000002000005c        0x1 ./Core/APP/Trigger/Core/Trigger.o
 .bss.TrigerSate.0
                0x000000002000005d        0x1 ./Core/APP/Trigger/Core/Trigger.o
 .bss.DisplayDig1
                0x000000002000005e        0x1 ./Core/BSW/DigitalTube/Core/DigitalTube.o
                0x000000002000005e                DisplayDig1
 .bss.DisplayDig2
                0x000000002000005f        0x1 ./Core/BSW/DigitalTube/Core/DigitalTube.o
                0x000000002000005f                DisplayDig2
 .bss.DisplayDig3
                0x0000000020000060        0x1 ./Core/BSW/DigitalTube/Core/DigitalTube.o
                0x0000000020000060                DisplayDig3
 .bss.cnt.0     0x0000000020000061        0x1 ./Core/BSW/DigitalTube/Core/DigitalTube.o
 *fill*         0x0000000020000062        0x2 
 .bss.KeyPress  0x0000000020000064        0x4 ./Core/BSW/InM/Core/InM.o
                0x0000000020000064                KeyPress
 .bss.LittleHeart
                0x0000000020000068        0x1 ./Core/BSW/LittleOs/Core/OS.o
                0x0000000020000068                LittleHeart
 .bss.HeartCnt.0
                0x0000000020000069        0x1 ./Core/BSW/LittleOs/Core/OS.o
 *fill*         0x000000002000006a        0x2 
 .bss.hiwdg     0x000000002000006c        0xc ./Core/BSW/Src/iwdg.o
                0x000000002000006c                hiwdg
 .bss.htim2     0x0000000020000078       0x48 ./Core/BSW/Src/tim.o
                0x0000000020000078                htim2
 .bss.uwTick    0x00000000200000c0        0x4 ./Drivers/STM32F1xx_HAL_Driver/Src/stm32f1xx_hal.o
                0x00000000200000c0                uwTick
 *(COMMON)
                0x00000000200000c4                . = ALIGN (0x4)
                0x00000000200000c4                _ebss = .
                0x00000000200000c4                __bss_end__ = _ebss

._user_heap_stack
                0x00000000200000c4      0x604 load address 0x0000000008002588
                0x00000000200000c8                . = ALIGN (0x8)
 *fill*         0x00000000200000c4        0x4 
                [!provide]                        PROVIDE (end = .)
                0x00000000200000c8                PROVIDE (_end = .)
                0x00000000200002c8                . = (. + _Min_Heap_Size)
 *fill*         0x00000000200000c8      0x200 
                0x00000000200006c8                . = (. + _Min_Stack_Size)
 *fill*         0x00000000200002c8      0x400 
                0x00000000200006c8                . = ALIGN (0x8)

/DISCARD/
 libc.a(*)
 libm.a(*)
 libgcc.a(*)

.ARM.attributes
                0x0000000000000000       0x29
 *(.ARM.attributes)
 .ARM.attributes
                0x0000000000000000       0x1d c:/st/stm32cubeide_1.12.0/stm32cubeide/plugins/com.st.stm32cube.ide.mcu.externaltools.gnu-tools-for-stm32.10.3-2021.10.win32_1.0.200.202301161003/tools/bin/../lib/gcc/arm-none-eabi/10.3.1/thumb/v7-m/nofp/crti.o
 .ARM.attributes
                0x000000000000001d       0x2d c:/st/stm32cubeide_1.12.0/stm32cubeide/plugins/com.st.stm32cube.ide.mcu.externaltools.gnu-tools-for-stm32.10.3-2021.10.win32_1.0.200.202301161003/tools/bin/../lib/gcc/arm-none-eabi/10.3.1/thumb/v7-m/nofp/crtbegin.o
 .ARM.attributes
                0x000000000000004a       0x2d ./Core/APP/Display/Core/Display.o
 .ARM.attributes
                0x0000000000000077       0x2d ./Core/APP/ModeChange/Core/ModeChange.o
 .ARM.attributes
                0x00000000000000a4       0x2d ./Core/APP/Trigger/Core/Trigger.o
 .ARM.attributes
                0x00000000000000d1       0x2d ./Core/BSW/DigitalTube/Core/DigitalTube.o
 .ARM.attributes
                0x00000000000000fe       0x2d ./Core/BSW/InM/Core/InM.o
 .ARM.attributes
                0x000000000000012b       0x2d ./Core/BSW/LittleOs/Config/Task.o
 .ARM.attributes
                0x0000000000000158       0x2d ./Core/BSW/LittleOs/Core/OS.o
 .ARM.attributes
                0x0000000000000185       0x2d ./Core/BSW/Src/gpio.o
 .ARM.attributes
                0x00000000000001b2       0x2d ./Core/BSW/Src/iwdg.o
 .ARM.attributes
                0x00000000000001df       0x2d ./Core/BSW/Src/main.o
 .ARM.attributes
                0x000000000000020c       0x2d ./Core/BSW/Src/stm32f1xx_hal_msp.o
 .ARM.attributes
                0x0000000000000239       0x2d ./Core/BSW/Src/stm32f1xx_it.o
 .ARM.attributes
                0x0000000000000266       0x2d ./Core/BSW/Src/system_stm32f1xx.o
 .ARM.attributes
                0x0000000000000293       0x2d ./Core/BSW/Src/tim.o
 .ARM.attributes
                0x00000000000002c0       0x21 ./Core/Startup/startup_stm32f103c6tx.o
 .ARM.attributes
                0x00000000000002e1       0x2d ./Drivers/STM32F1xx_HAL_Driver/Src/stm32f1xx_hal.o
 .ARM.attributes
                0x000000000000030e       0x2d ./Drivers/STM32F1xx_HAL_Driver/Src/stm32f1xx_hal_cortex.o
 .ARM.attributes
                0x000000000000033b       0x2d ./Drivers/STM32F1xx_HAL_Driver/Src/stm32f1xx_hal_gpio.o
 .ARM.attributes
                0x0000000000000368       0x2d ./Drivers/STM32F1xx_HAL_Driver/Src/stm32f1xx_hal_iwdg.o
 .ARM.attributes
                0x0000000000000395       0x2d ./Drivers/STM32F1xx_HAL_Driver/Src/stm32f1xx_hal_rcc.o
 .ARM.attributes
                0x00000000000003c2       0x2d ./Drivers/STM32F1xx_HAL_Driver/Src/stm32f1xx_hal_tim.o
 .ARM.attributes
                0x00000000000003ef       0x2d ./Drivers/STM32F1xx_HAL_Driver/Src/stm32f1xx_hal_tim_ex.o
 .ARM.attributes
                0x000000000000041c       0x2d c:/st/stm32cubeide_1.12.0/stm32cubeide/plugins/com.st.stm32cube.ide.mcu.externaltools.gnu-tools-for-stm32.10.3-2021.10.win32_1.0.200.202301161003/tools/bin/../lib/gcc/arm-none-eabi/10.3.1/../../../../arm-none-eabi/lib/thumb/v7-m/nofp\libc_nano.a(lib_a-init.o)
 .ARM.attributes
                0x0000000000000449       0x2d c:/st/stm32cubeide_1.12.0/stm32cubeide/plugins/com.st.stm32cube.ide.mcu.externaltools.gnu-tools-for-stm32.10.3-2021.10.win32_1.0.200.202301161003/tools/bin/../lib/gcc/arm-none-eabi/10.3.1/../../../../arm-none-eabi/lib/thumb/v7-m/nofp\libc_nano.a(lib_a-memset.o)
 .ARM.attributes
                0x0000000000000476       0x1d c:/st/stm32cubeide_1.12.0/stm32cubeide/plugins/com.st.stm32cube.ide.mcu.externaltools.gnu-tools-for-stm32.10.3-2021.10.win32_1.0.200.202301161003/tools/bin/../lib/gcc/arm-none-eabi/10.3.1/thumb/v7-m/nofp/crtn.o
OUTPUT(KeyPressTriggers.elf elf32-littlearm)
LOAD linker stubs
LOAD c:/st/stm32cubeide_1.12.0/stm32cubeide/plugins/com.st.stm32cube.ide.mcu.externaltools.gnu-tools-for-stm32.10.3-2021.10.win32_1.0.200.202301161003/tools/bin/../lib/gcc/arm-none-eabi/10.3.1/../../../../arm-none-eabi/lib/thumb/v7-m/nofp\libc.a
LOAD c:/st/stm32cubeide_1.12.0/stm32cubeide/plugins/com.st.stm32cube.ide.mcu.externaltools.gnu-tools-for-stm32.10.3-2021.10.win32_1.0.200.202301161003/tools/bin/../lib/gcc/arm-none-eabi/10.3.1/../../../../arm-none-eabi/lib/thumb/v7-m/nofp\libm.a
LOAD c:/st/stm32cubeide_1.12.0/stm32cubeide/plugins/com.st.stm32cube.ide.mcu.externaltools.gnu-tools-for-stm32.10.3-2021.10.win32_1.0.200.202301161003/tools/bin/../lib/gcc/arm-none-eabi/10.3.1/thumb/v7-m/nofp\libgcc.a

.debug_info     0x0000000000000000     0x97fd
 .debug_info    0x0000000000000000      0x2cc ./Core/APP/Display/Core/Display.o
 .debug_info    0x00000000000002cc      0x193 ./Core/APP/ModeChange/Core/ModeChange.o
 .debug_info    0x000000000000045f      0x388 ./Core/APP/Trigger/Core/Trigger.o
 .debug_info    0x00000000000007e7      0x23e ./Core/BSW/DigitalTube/Core/DigitalTube.o
 .debug_info    0x0000000000000a25      0x268 ./Core/BSW/InM/Core/InM.o
 .debug_info    0x0000000000000c8d      0x315 ./Core/BSW/LittleOs/Config/Task.o
 .debug_info    0x0000000000000fa2      0x1b0 ./Core/BSW/LittleOs/Core/OS.o
 .debug_info    0x0000000000001152      0x30b ./Core/BSW/Src/gpio.o
 .debug_info    0x000000000000145d      0x1ca ./Core/BSW/Src/iwdg.o
 .debug_info    0x0000000000001627      0x891 ./Core/BSW/Src/main.o
 .debug_info    0x0000000000001eb8      0x210 ./Core/BSW/Src/stm32f1xx_hal_msp.o
 .debug_info    0x00000000000020c8      0x6ef ./Core/BSW/Src/stm32f1xx_it.o
 .debug_info    0x00000000000027b7      0x23d ./Core/BSW/Src/system_stm32f1xx.o
 .debug_info    0x00000000000029f4      0x9f7 ./Core/BSW/Src/tim.o
 .debug_info    0x00000000000033eb       0x22 ./Core/Startup/startup_stm32f103c6tx.o
 .debug_info    0x000000000000340d      0x716 ./Drivers/STM32F1xx_HAL_Driver/Src/stm32f1xx_hal.o
 .debug_info    0x0000000000003b23      0xb02 ./Drivers/STM32F1xx_HAL_Driver/Src/stm32f1xx_hal_cortex.o
 .debug_info    0x0000000000004625      0x615 ./Drivers/STM32F1xx_HAL_Driver/Src/stm32f1xx_hal_gpio.o
 .debug_info    0x0000000000004c3a      0x1ec ./Drivers/STM32F1xx_HAL_Driver/Src/stm32f1xx_hal_iwdg.o
 .debug_info    0x0000000000004e26      0x865 ./Drivers/STM32F1xx_HAL_Driver/Src/stm32f1xx_hal_rcc.o
 .debug_info    0x000000000000568b     0x2bab ./Drivers/STM32F1xx_HAL_Driver/Src/stm32f1xx_hal_tim.o
 .debug_info    0x0000000000008236     0x15c7 ./Drivers/STM32F1xx_HAL_Driver/Src/stm32f1xx_hal_tim_ex.o

.debug_abbrev   0x0000000000000000     0x225c
 .debug_abbrev  0x0000000000000000      0x129 ./Core/APP/Display/Core/Display.o
 .debug_abbrev  0x0000000000000129       0xdd ./Core/APP/ModeChange/Core/ModeChange.o
 .debug_abbrev  0x0000000000000206      0x17a ./Core/APP/Trigger/Core/Trigger.o
 .debug_abbrev  0x0000000000000380      0x154 ./Core/BSW/DigitalTube/Core/DigitalTube.o
 .debug_abbrev  0x00000000000004d4      0x167 ./Core/BSW/InM/Core/InM.o
 .debug_abbrev  0x000000000000063b      0x17d ./Core/BSW/LittleOs/Config/Task.o
 .debug_abbrev  0x00000000000007b8      0x143 ./Core/BSW/LittleOs/Core/OS.o
 .debug_abbrev  0x00000000000008fb      0x134 ./Core/BSW/Src/gpio.o
 .debug_abbrev  0x0000000000000a2f      0x124 ./Core/BSW/Src/iwdg.o
 .debug_abbrev  0x0000000000000b53      0x223 ./Core/BSW/Src/main.o
 .debug_abbrev  0x0000000000000d76       0xd4 ./Core/BSW/Src/stm32f1xx_hal_msp.o
 .debug_abbrev  0x0000000000000e4a      0x184 ./Core/BSW/Src/stm32f1xx_it.o
 .debug_abbrev  0x0000000000000fce      0x13b ./Core/BSW/Src/system_stm32f1xx.o
 .debug_abbrev  0x0000000000001109      0x1fe ./Core/BSW/Src/tim.o
 .debug_abbrev  0x0000000000001307       0x12 ./Core/Startup/startup_stm32f103c6tx.o
 .debug_abbrev  0x0000000000001319      0x1fb ./Drivers/STM32F1xx_HAL_Driver/Src/stm32f1xx_hal.o
 .debug_abbrev  0x0000000000001514      0x2ed ./Drivers/STM32F1xx_HAL_Driver/Src/stm32f1xx_hal_cortex.o
 .debug_abbrev  0x0000000000001801      0x1bb ./Drivers/STM32F1xx_HAL_Driver/Src/stm32f1xx_hal_gpio.o
 .debug_abbrev  0x00000000000019bc      0x128 ./Drivers/STM32F1xx_HAL_Driver/Src/stm32f1xx_hal_iwdg.o
 .debug_abbrev  0x0000000000001ae4      0x2a8 ./Drivers/STM32F1xx_HAL_Driver/Src/stm32f1xx_hal_rcc.o
 .debug_abbrev  0x0000000000001d8c      0x264 ./Drivers/STM32F1xx_HAL_Driver/Src/stm32f1xx_hal_tim.o
 .debug_abbrev  0x0000000000001ff0      0x26c ./Drivers/STM32F1xx_HAL_Driver/Src/stm32f1xx_hal_tim_ex.o

.debug_aranges  0x0000000000000000      0xb00
 .debug_aranges
                0x0000000000000000       0x38 ./Core/APP/Display/Core/Display.o
 .debug_aranges
                0x0000000000000038       0x20 ./Core/APP/ModeChange/Core/ModeChange.o
 .debug_aranges
                0x0000000000000058       0x28 ./Core/APP/Trigger/Core/Trigger.o
 .debug_aranges
                0x0000000000000080       0x40 ./Core/BSW/DigitalTube/Core/DigitalTube.o
 .debug_aranges
                0x00000000000000c0       0x28 ./Core/BSW/InM/Core/InM.o
 .debug_aranges
                0x00000000000000e8       0x48 ./Core/BSW/LittleOs/Config/Task.o
 .debug_aranges
                0x0000000000000130       0x28 ./Core/BSW/LittleOs/Core/OS.o
 .debug_aranges
                0x0000000000000158       0x20 ./Core/BSW/Src/gpio.o
 .debug_aranges
                0x0000000000000178       0x20 ./Core/BSW/Src/iwdg.o
 .debug_aranges
                0x0000000000000198       0x38 ./Core/BSW/Src/main.o
 .debug_aranges
                0x00000000000001d0       0x20 ./Core/BSW/Src/stm32f1xx_hal_msp.o
 .debug_aranges
                0x00000000000001f0       0x68 ./Core/BSW/Src/stm32f1xx_it.o
 .debug_aranges
                0x0000000000000258       0x28 ./Core/BSW/Src/system_stm32f1xx.o
 .debug_aranges
                0x0000000000000280       0x30 ./Core/BSW/Src/tim.o
 .debug_aranges
                0x00000000000002b0       0x28 ./Core/Startup/startup_stm32f103c6tx.o
 .debug_aranges
                0x00000000000002d8       0xe0 ./Drivers/STM32F1xx_HAL_Driver/Src/stm32f1xx_hal.o
 .debug_aranges
                0x00000000000003b8      0x100 ./Drivers/STM32F1xx_HAL_Driver/Src/stm32f1xx_hal_cortex.o
 .debug_aranges
                0x00000000000004b8       0x58 ./Drivers/STM32F1xx_HAL_Driver/Src/stm32f1xx_hal_gpio.o
 .debug_aranges
                0x0000000000000510       0x28 ./Drivers/STM32F1xx_HAL_Driver/Src/stm32f1xx_hal_iwdg.o
 .debug_aranges
                0x0000000000000538       0x90 ./Drivers/STM32F1xx_HAL_Driver/Src/stm32f1xx_hal_rcc.o
 .debug_aranges
                0x00000000000005c8      0x3d0 ./Drivers/STM32F1xx_HAL_Driver/Src/stm32f1xx_hal_tim.o
 .debug_aranges
                0x0000000000000998      0x168 ./Drivers/STM32F1xx_HAL_Driver/Src/stm32f1xx_hal_tim_ex.o

.debug_ranges   0x0000000000000000      0x9a8
 .debug_ranges  0x0000000000000000       0x28 ./Core/APP/Display/Core/Display.o
 .debug_ranges  0x0000000000000028       0x10 ./Core/APP/ModeChange/Core/ModeChange.o
 .debug_ranges  0x0000000000000038       0x18 ./Core/APP/Trigger/Core/Trigger.o
 .debug_ranges  0x0000000000000050       0x30 ./Core/BSW/DigitalTube/Core/DigitalTube.o
 .debug_ranges  0x0000000000000080       0x18 ./Core/BSW/InM/Core/InM.o
 .debug_ranges  0x0000000000000098       0x38 ./Core/BSW/LittleOs/Config/Task.o
 .debug_ranges  0x00000000000000d0       0x18 ./Core/BSW/LittleOs/Core/OS.o
 .debug_ranges  0x00000000000000e8       0x10 ./Core/BSW/Src/gpio.o
 .debug_ranges  0x00000000000000f8       0x10 ./Core/BSW/Src/iwdg.o
 .debug_ranges  0x0000000000000108       0x28 ./Core/BSW/Src/main.o
 .debug_ranges  0x0000000000000130       0x10 ./Core/BSW/Src/stm32f1xx_hal_msp.o
 .debug_ranges  0x0000000000000140       0x58 ./Core/BSW/Src/stm32f1xx_it.o
 .debug_ranges  0x0000000000000198       0x18 ./Core/BSW/Src/system_stm32f1xx.o
 .debug_ranges  0x00000000000001b0       0x20 ./Core/BSW/Src/tim.o
 .debug_ranges  0x00000000000001d0       0x20 ./Core/Startup/startup_stm32f103c6tx.o
 .debug_ranges  0x00000000000001f0       0xd0 ./Drivers/STM32F1xx_HAL_Driver/Src/stm32f1xx_hal.o
 .debug_ranges  0x00000000000002c0       0xf0 ./Drivers/STM32F1xx_HAL_Driver/Src/stm32f1xx_hal_cortex.o
 .debug_ranges  0x00000000000003b0       0x48 ./Drivers/STM32F1xx_HAL_Driver/Src/stm32f1xx_hal_gpio.o
 .debug_ranges  0x00000000000003f8       0x18 ./Drivers/STM32F1xx_HAL_Driver/Src/stm32f1xx_hal_iwdg.o
 .debug_ranges  0x0000000000000410       0x80 ./Drivers/STM32F1xx_HAL_Driver/Src/stm32f1xx_hal_rcc.o
 .debug_ranges  0x0000000000000490      0x3c0 ./Drivers/STM32F1xx_HAL_Driver/Src/stm32f1xx_hal_tim.o
 .debug_ranges  0x0000000000000850      0x158 ./Drivers/STM32F1xx_HAL_Driver/Src/stm32f1xx_hal_tim_ex.o

.debug_macro    0x0000000000000000    0x17c2f
 .debug_macro   0x0000000000000000      0x21c ./Core/APP/Display/Core/Display.o
 .debug_macro   0x000000000000021c      0xa6c ./Core/APP/Display/Core/Display.o
 .debug_macro   0x0000000000000c88      0x21b ./Core/APP/Display/Core/Display.o
 .debug_macro   0x0000000000000ea3       0x2e ./Core/APP/Display/Core/Display.o
 .debug_macro   0x0000000000000ed1       0x22 ./Core/APP/Display/Core/Display.o
 .debug_macro   0x0000000000000ef3       0x22 ./Core/APP/Display/Core/Display.o
 .debug_macro   0x0000000000000f15       0x8e ./Core/APP/Display/Core/Display.o
 .debug_macro   0x0000000000000fa3       0x51 ./Core/APP/Display/Core/Display.o
 .debug_macro   0x0000000000000ff4      0x103 ./Core/APP/Display/Core/Display.o
 .debug_macro   0x00000000000010f7       0x6a ./Core/APP/Display/Core/Display.o
 .debug_macro   0x0000000000001161      0x1df ./Core/APP/Display/Core/Display.o
 .debug_macro   0x0000000000001340       0x1c ./Core/APP/Display/Core/Display.o
 .debug_macro   0x000000000000135c       0x22 ./Core/APP/Display/Core/Display.o
 .debug_macro   0x000000000000137e       0xbd ./Core/APP/Display/Core/Display.o
 .debug_macro   0x000000000000143b      0xd23 ./Core/APP/Display/Core/Display.o
 .debug_macro   0x000000000000215e     0xde75 ./Core/APP/Display/Core/Display.o
 .debug_macro   0x000000000000ffd3       0x6d ./Core/APP/Display/Core/Display.o
 .debug_macro   0x0000000000010040     0x348d ./Core/APP/Display/Core/Display.o
 .debug_macro   0x00000000000134cd      0x174 ./Core/APP/Display/Core/Display.o
 .debug_macro   0x0000000000013641       0x5c ./Core/APP/Display/Core/Display.o
 .debug_macro   0x000000000001369d      0x5bc ./Core/APP/Display/Core/Display.o
 .debug_macro   0x0000000000013c59      0x1b7 ./Core/APP/Display/Core/Display.o
 .debug_macro   0x0000000000013e10      0x1cb ./Core/APP/Display/Core/Display.o
 .debug_macro   0x0000000000013fdb      0x114 ./Core/APP/Display/Core/Display.o
 .debug_macro   0x00000000000140ef      0x1b2 ./Core/APP/Display/Core/Display.o
 .debug_macro   0x00000000000142a1       0x27 ./Core/APP/Display/Core/Display.o
 .debug_macro   0x00000000000142c8      0x12f ./Core/APP/Display/Core/Display.o
 .debug_macro   0x00000000000143f7      0x1bc ./Core/APP/Display/Core/Display.o
 .debug_macro   0x00000000000145b3       0x34 ./Core/APP/Display/Core/Display.o
 .debug_macro   0x00000000000145e7       0x3c ./Core/APP/Display/Core/Display.o
 .debug_macro   0x0000000000014623       0x57 ./Core/APP/Display/Core/Display.o
 .debug_macro   0x000000000001467a       0x87 ./Core/APP/Display/Core/Display.o
 .debug_macro   0x0000000000014701      0x183 ./Core/APP/Display/Core/Display.o
 .debug_macro   0x0000000000014884       0x78 ./Core/APP/Display/Core/Display.o
 .debug_macro   0x00000000000148fc      0x140 ./Core/APP/Display/Core/Display.o
 .debug_macro   0x0000000000014a3c      0x8ed ./Core/APP/Display/Core/Display.o
 .debug_macro   0x0000000000015329       0x69 ./Core/APP/Display/Core/Display.o
 .debug_macro   0x0000000000015392       0xc4 ./Core/APP/Display/Core/Display.o
 .debug_macro   0x0000000000015456       0x1c ./Core/APP/Display/Core/Display.o
 .debug_macro   0x0000000000015472       0x10 ./Core/APP/Display/Core/Display.o
 .debug_macro   0x0000000000015482       0x10 ./Core/APP/Display/Core/Display.o
 .debug_macro   0x0000000000015492       0x8e ./Core/APP/Display/Core/Display.o
 .debug_macro   0x0000000000015520       0x58 ./Core/APP/Display/Core/Display.o
 .debug_macro   0x0000000000015578       0x40 ./Core/APP/Display/Core/Display.o
 .debug_macro   0x00000000000155b8      0x1f2 ./Core/APP/ModeChange/Core/ModeChange.o
 .debug_macro   0x00000000000157aa      0x235 ./Core/APP/Trigger/Core/Trigger.o
 .debug_macro   0x00000000000159df       0x2e ./Core/APP/Trigger/Core/Trigger.o
 .debug_macro   0x0000000000015a0d      0x1d3 ./Core/BSW/DigitalTube/Core/DigitalTube.o
 .debug_macro   0x0000000000015be0       0x88 ./Core/BSW/DigitalTube/Core/DigitalTube.o
 .debug_macro   0x0000000000015c68      0x1d8 ./Core/BSW/InM/Core/InM.o
 .debug_macro   0x0000000000015e40      0x23d ./Core/BSW/LittleOs/Config/Task.o
 .debug_macro   0x000000000001607d       0x5e ./Core/BSW/LittleOs/Config/Task.o
 .debug_macro   0x00000000000160db       0x34 ./Core/BSW/LittleOs/Config/Task.o
 .debug_macro   0x000000000001610f      0x24c ./Core/BSW/LittleOs/Core/OS.o
 .debug_macro   0x000000000001635b       0x10 ./Core/BSW/LittleOs/Core/OS.o
 .debug_macro   0x000000000001636b      0x1ba ./Core/BSW/Src/gpio.o
 .debug_macro   0x0000000000016525      0x1ba ./Core/BSW/Src/iwdg.o
 .debug_macro   0x00000000000166df      0x254 ./Core/BSW/Src/main.o
 .debug_macro   0x0000000000016933       0x22 ./Core/BSW/Src/main.o
 .debug_macro   0x0000000000016955      0x1b0 ./Core/BSW/Src/stm32f1xx_hal_msp.o
 .debug_macro   0x0000000000016b05      0x1ba ./Core/BSW/Src/stm32f1xx_it.o
 .debug_macro   0x0000000000016cbf      0x1a1 ./Core/BSW/Src/system_stm32f1xx.o
 .debug_macro   0x0000000000016e60      0x1ba ./Core/BSW/Src/tim.o
 .debug_macro   0x000000000001701a      0x1c5 ./Drivers/STM32F1xx_HAL_Driver/Src/stm32f1xx_hal.o
 .debug_macro   0x00000000000171df      0x1a1 ./Drivers/STM32F1xx_HAL_Driver/Src/stm32f1xx_hal_cortex.o
 .debug_macro   0x0000000000017380      0x20c ./Drivers/STM32F1xx_HAL_Driver/Src/stm32f1xx_hal_gpio.o
 .debug_macro   0x000000000001758c      0x1ad ./Drivers/STM32F1xx_HAL_Driver/Src/stm32f1xx_hal_iwdg.o
 .debug_macro   0x0000000000017739      0x1b3 ./Drivers/STM32F1xx_HAL_Driver/Src/stm32f1xx_hal_rcc.o
 .debug_macro   0x00000000000178ec      0x1a2 ./Drivers/STM32F1xx_HAL_Driver/Src/stm32f1xx_hal_tim.o
 .debug_macro   0x0000000000017a8e      0x1a1 ./Drivers/STM32F1xx_HAL_Driver/Src/stm32f1xx_hal_tim_ex.o

.debug_line     0x0000000000000000     0xff83
 .debug_line    0x0000000000000000      0xb2a ./Core/APP/Display/Core/Display.o
 .debug_line    0x0000000000000b2a      0x8a7 ./Core/APP/ModeChange/Core/ModeChange.o
 .debug_line    0x00000000000013d1      0xbae ./Core/APP/Trigger/Core/Trigger.o
 .debug_line    0x0000000000001f7f      0x846 ./Core/BSW/DigitalTube/Core/DigitalTube.o
 .debug_line    0x00000000000027c5      0x7b0 ./Core/BSW/InM/Core/InM.o
 .debug_line    0x0000000000002f75      0xbe4 ./Core/BSW/LittleOs/Config/Task.o
 .debug_line    0x0000000000003b59      0xc2d ./Core/BSW/LittleOs/Core/OS.o
 .debug_line    0x0000000000004786      0x70a ./Core/BSW/Src/gpio.o
 .debug_line    0x0000000000004e90      0x6d7 ./Core/BSW/Src/iwdg.o
 .debug_line    0x0000000000005567      0xcdc ./Core/BSW/Src/main.o
 .debug_line    0x0000000000006243      0x6cb ./Core/BSW/Src/stm32f1xx_hal_msp.o
 .debug_line    0x000000000000690e      0x7a5 ./Core/BSW/Src/stm32f1xx_it.o
 .debug_line    0x00000000000070b3      0x749 ./Core/BSW/Src/system_stm32f1xx.o
 .debug_line    0x00000000000077fc      0x738 ./Core/BSW/Src/tim.o
 .debug_line    0x0000000000007f34       0x86 ./Core/Startup/startup_stm32f103c6tx.o
 .debug_line    0x0000000000007fba      0x972 ./Drivers/STM32F1xx_HAL_Driver/Src/stm32f1xx_hal.o
 .debug_line    0x000000000000892c      0xb5a ./Drivers/STM32F1xx_HAL_Driver/Src/stm32f1xx_hal_cortex.o
 .debug_line    0x0000000000009486      0x9f6 ./Drivers/STM32F1xx_HAL_Driver/Src/stm32f1xx_hal_gpio.o
 .debug_line    0x0000000000009e7c      0x73d ./Drivers/STM32F1xx_HAL_Driver/Src/stm32f1xx_hal_iwdg.o
 .debug_line    0x000000000000a5b9      0xd7e ./Drivers/STM32F1xx_HAL_Driver/Src/stm32f1xx_hal_rcc.o
 .debug_line    0x000000000000b337     0x33b4 ./Drivers/STM32F1xx_HAL_Driver/Src/stm32f1xx_hal_tim.o
 .debug_line    0x000000000000e6eb     0x1898 ./Drivers/STM32F1xx_HAL_Driver/Src/stm32f1xx_hal_tim_ex.o

.debug_str      0x0000000000000000    0x835de
 .debug_str     0x0000000000000000    0x805db ./Core/APP/Display/Core/Display.o
                                      0x80945 (size before relaxing)
 .debug_str     0x00000000000805db       0x34 ./Core/APP/ModeChange/Core/ModeChange.o
                                      0x7fe7f (size before relaxing)
 .debug_str     0x000000000008060f      0x24f ./Core/APP/Trigger/Core/Trigger.o
                                      0x80b23 (size before relaxing)
 .debug_str     0x000000000008085e       0x7c ./Core/BSW/DigitalTube/Core/DigitalTube.o
                                      0x80421 (size before relaxing)
 .debug_str     0x00000000000808da       0x4f ./Core/BSW/InM/Core/InM.o
                                      0x7fe7d (size before relaxing)
 .debug_str     0x0000000000080929      0x16d ./Core/BSW/LittleOs/Config/Task.o
                                      0x80b04 (size before relaxing)
 .debug_str     0x0000000000080a96       0x63 ./Core/BSW/LittleOs/Core/OS.o
                                      0x80a23 (size before relaxing)
 .debug_str     0x0000000000080af9       0xa4 ./Core/BSW/Src/gpio.o
                                      0x7fd4d (size before relaxing)
 .debug_str     0x0000000000080b9d       0x40 ./Core/BSW/Src/iwdg.o
                                      0x7fd0b (size before relaxing)
 .debug_str     0x0000000000080bdd      0x5da ./Core/BSW/Src/main.o
                                      0x81038 (size before relaxing)
 .debug_str     0x00000000000811b7       0x5e ./Core/BSW/Src/stm32f1xx_hal_msp.o
                                      0x7fcd5 (size before relaxing)
 .debug_str     0x0000000000081215       0xf0 ./Core/BSW/Src/stm32f1xx_it.o
                                      0x801db (size before relaxing)
 .debug_str     0x0000000000081305       0x8c ./Core/BSW/Src/system_stm32f1xx.o
                                      0x7fa4a (size before relaxing)
 .debug_str     0x0000000000081391      0x3b0 ./Core/BSW/Src/tim.o
                                      0x805bc (size before relaxing)
 .debug_str     0x0000000000081741       0x36 ./Core/Startup/startup_stm32f103c6tx.o
                                         0x88 (size before relaxing)
 .debug_str     0x0000000000081777      0x38e ./Drivers/STM32F1xx_HAL_Driver/Src/stm32f1xx_hal.o
                                      0x8013f (size before relaxing)
 .debug_str     0x0000000000081b05      0x294 ./Drivers/STM32F1xx_HAL_Driver/Src/stm32f1xx_hal_cortex.o
                                      0x8008b (size before relaxing)
 .debug_str     0x0000000000081d99      0x2e5 ./Drivers/STM32F1xx_HAL_Driver/Src/stm32f1xx_hal_gpio.o
                                      0x7fdcc (size before relaxing)
 .debug_str     0x000000000008207e       0xd4 ./Drivers/STM32F1xx_HAL_Driver/Src/stm32f1xx_hal_iwdg.o
                                      0x7fb08 (size before relaxing)
 .debug_str     0x0000000000082152      0x229 ./Drivers/STM32F1xx_HAL_Driver/Src/stm32f1xx_hal_rcc.o
                                      0x7fe75 (size before relaxing)
 .debug_str     0x000000000008237b      0xdd0 ./Drivers/STM32F1xx_HAL_Driver/Src/stm32f1xx_hal_tim.o
                                      0x80e67 (size before relaxing)
 .debug_str     0x000000000008314b      0x493 ./Drivers/STM32F1xx_HAL_Driver/Src/stm32f1xx_hal_tim_ex.o
                                      0x80683 (size before relaxing)

.comment        0x0000000000000000       0x50
 .comment       0x0000000000000000       0x50 ./Core/APP/Display/Core/Display.o
                                         0x51 (size before relaxing)
 .comment       0x0000000000000050       0x51 ./Core/APP/ModeChange/Core/ModeChange.o
 .comment       0x0000000000000050       0x51 ./Core/APP/Trigger/Core/Trigger.o
 .comment       0x0000000000000050       0x51 ./Core/BSW/DigitalTube/Core/DigitalTube.o
 .comment       0x0000000000000050       0x51 ./Core/BSW/InM/Core/InM.o
 .comment       0x0000000000000050       0x51 ./Core/BSW/LittleOs/Config/Task.o
 .comment       0x0000000000000050       0x51 ./Core/BSW/LittleOs/Core/OS.o
 .comment       0x0000000000000050       0x51 ./Core/BSW/Src/gpio.o
 .comment       0x0000000000000050       0x51 ./Core/BSW/Src/iwdg.o
 .comment       0x0000000000000050       0x51 ./Core/BSW/Src/main.o
 .comment       0x0000000000000050       0x51 ./Core/BSW/Src/stm32f1xx_hal_msp.o
 .comment       0x0000000000000050       0x51 ./Core/BSW/Src/stm32f1xx_it.o
 .comment       0x0000000000000050       0x51 ./Core/BSW/Src/system_stm32f1xx.o
 .comment       0x0000000000000050       0x51 ./Core/BSW/Src/tim.o
 .comment       0x0000000000000050       0x51 ./Drivers/STM32F1xx_HAL_Driver/Src/stm32f1xx_hal.o
 .comment       0x0000000000000050       0x51 ./Drivers/STM32F1xx_HAL_Driver/Src/stm32f1xx_hal_cortex.o
 .comment       0x0000000000000050       0x51 ./Drivers/STM32F1xx_HAL_Driver/Src/stm32f1xx_hal_gpio.o
 .comment       0x0000000000000050       0x51 ./Drivers/STM32F1xx_HAL_Driver/Src/stm32f1xx_hal_iwdg.o
 .comment       0x0000000000000050       0x51 ./Drivers/STM32F1xx_HAL_Driver/Src/stm32f1xx_hal_rcc.o
 .comment       0x0000000000000050       0x51 ./Drivers/STM32F1xx_HAL_Driver/Src/stm32f1xx_hal_tim.o
 .comment       0x0000000000000050       0x51 ./Drivers/STM32F1xx_HAL_Driver/Src/stm32f1xx_hal_tim_ex.o

.debug_frame    0x0000000000000000     0x2988
 .debug_frame   0x0000000000000000       0x8c ./Core/APP/Display/Core/Display.o
 .debug_frame   0x000000000000008c       0x30 ./Core/APP/ModeChange/Core/ModeChange.o
 .debug_frame   0x00000000000000bc       0x54 ./Core/APP/Trigger/Core/Trigger.o
 .debug_frame   0x0000000000000110       0xa4 ./Core/BSW/DigitalTube/Core/DigitalTube.o
 .debug_frame   0x00000000000001b4       0x54 ./Core/BSW/InM/Core/InM.o
 .debug_frame   0x0000000000000208       0xbc ./Core/BSW/LittleOs/Config/Task.o
 .debug_frame   0x00000000000002c4       0x54 ./Core/BSW/LittleOs/Core/OS.o
 .debug_frame   0x0000000000000318       0x34 ./Core/BSW/Src/gpio.o
 .debug_frame   0x000000000000034c       0x2c ./Core/BSW/Src/iwdg.o
 .debug_frame   0x0000000000000378       0x8c ./Core/BSW/Src/main.o
 .debug_frame   0x0000000000000404       0x38 ./Core/BSW/Src/stm32f1xx_hal_msp.o
 .debug_frame   0x000000000000043c      0x120 ./Core/BSW/Src/stm32f1xx_it.o
 .debug_frame   0x000000000000055c       0x58 ./Core/BSW/Src/system_stm32f1xx.o
 .debug_frame   0x00000000000005b4       0x7c ./Core/BSW/Src/tim.o
 .debug_frame   0x0000000000000630      0x334 ./Drivers/STM32F1xx_HAL_Driver/Src/stm32f1xx_hal.o
 .debug_frame   0x0000000000000964      0x428 ./Drivers/STM32F1xx_HAL_Driver/Src/stm32f1xx_hal_cortex.o
 .debug_frame   0x0000000000000d8c      0x14c ./Drivers/STM32F1xx_HAL_Driver/Src/stm32f1xx_hal_gpio.o
 .debug_frame   0x0000000000000ed8       0x5c ./Drivers/STM32F1xx_HAL_Driver/Src/stm32f1xx_hal_iwdg.o
 .debug_frame   0x0000000000000f34      0x218 ./Drivers/STM32F1xx_HAL_Driver/Src/stm32f1xx_hal_rcc.o
 .debug_frame   0x000000000000114c     0x11b8 ./Drivers/STM32F1xx_HAL_Driver/Src/stm32f1xx_hal_tim.o
 .debug_frame   0x0000000000002304      0x638 ./Drivers/STM32F1xx_HAL_Driver/Src/stm32f1xx_hal_tim_ex.o
 .debug_frame   0x000000000000293c       0x2c c:/st/stm32cubeide_1.12.0/stm32cubeide/plugins/com.st.stm32cube.ide.mcu.externaltools.gnu-tools-for-stm32.10.3-2021.10.win32_1.0.200.202301161003/tools/bin/../lib/gcc/arm-none-eabi/10.3.1/../../../../arm-none-eabi/lib/thumb/v7-m/nofp\libc_nano.a(lib_a-init.o)
 .debug_frame   0x0000000000002968       0x20 c:/st/stm32cubeide_1.12.0/stm32cubeide/plugins/com.st.stm32cube.ide.mcu.externaltools.gnu-tools-for-stm32.10.3-2021.10.win32_1.0.200.202301161003/tools/bin/../lib/gcc/arm-none-eabi/10.3.1/../../../../arm-none-eabi/lib/thumb/v7-m/nofp\libc_nano.a(lib_a-memset.o)
