Archive member included to satisfy reference by file (symbol)

c:/st/stm32cubeide_1.12.0/stm32cubeide/plugins/com.st.stm32cube.ide.mcu.externaltools.gnu-tools-for-stm32.10.3-2021.10.win32_1.0.200.202301161003/tools/bin/../lib/gcc/arm-none-eabi/10.3.1/../../../../arm-none-eabi/lib/thumb/v7-m/nofp\libc_nano.a(lib_a-errno.o)
                              ./Core/BSW/Src/syscalls.o (__errno)
c:/st/stm32cubeide_1.12.0/stm32cubeide/plugins/com.st.stm32cube.ide.mcu.externaltools.gnu-tools-for-stm32.10.3-2021.10.win32_1.0.200.202301161003/tools/bin/../lib/gcc/arm-none-eabi/10.3.1/../../../../arm-none-eabi/lib/thumb/v7-m/nofp\libc_nano.a(lib_a-exit.o)
                              c:/st/stm32cubeide_1.12.0/stm32cubeide/plugins/com.st.stm32cube.ide.mcu.externaltools.gnu-tools-for-stm32.10.3-2021.10.win32_1.0.200.202301161003/tools/bin/../lib/gcc/arm-none-eabi/10.3.1/../../../../arm-none-eabi/lib/thumb/v7-m/nofp/crt0.o (exit)
c:/st/stm32cubeide_1.12.0/stm32cubeide/plugins/com.st.stm32cube.ide.mcu.externaltools.gnu-tools-for-stm32.10.3-2021.10.win32_1.0.200.202301161003/tools/bin/../lib/gcc/arm-none-eabi/10.3.1/../../../../arm-none-eabi/lib/thumb/v7-m/nofp\libc_nano.a(lib_a-impure.o)
                              c:/st/stm32cubeide_1.12.0/stm32cubeide/plugins/com.st.stm32cube.ide.mcu.externaltools.gnu-tools-for-stm32.10.3-2021.10.win32_1.0.200.202301161003/tools/bin/../lib/gcc/arm-none-eabi/10.3.1/../../../../arm-none-eabi/lib/thumb/v7-m/nofp\libc_nano.a(lib_a-exit.o) (_global_impure_ptr)
c:/st/stm32cubeide_1.12.0/stm32cubeide/plugins/com.st.stm32cube.ide.mcu.externaltools.gnu-tools-for-stm32.10.3-2021.10.win32_1.0.200.202301161003/tools/bin/../lib/gcc/arm-none-eabi/10.3.1/../../../../arm-none-eabi/lib/thumb/v7-m/nofp\libc_nano.a(lib_a-init.o)
                              c:/st/stm32cubeide_1.12.0/stm32cubeide/plugins/com.st.stm32cube.ide.mcu.externaltools.gnu-tools-for-stm32.10.3-2021.10.win32_1.0.200.202301161003/tools/bin/../lib/gcc/arm-none-eabi/10.3.1/../../../../arm-none-eabi/lib/thumb/v7-m/nofp/crt0.o (__libc_init_array)
c:/st/stm32cubeide_1.12.0/stm32cubeide/plugins/com.st.stm32cube.ide.mcu.externaltools.gnu-tools-for-stm32.10.3-2021.10.win32_1.0.200.202301161003/tools/bin/../lib/gcc/arm-none-eabi/10.3.1/../../../../arm-none-eabi/lib/thumb/v7-m/nofp\libc_nano.a(lib_a-memset.o)
                              c:/st/stm32cubeide_1.12.0/stm32cubeide/plugins/com.st.stm32cube.ide.mcu.externaltools.gnu-tools-for-stm32.10.3-2021.10.win32_1.0.200.202301161003/tools/bin/../lib/gcc/arm-none-eabi/10.3.1/../../../../arm-none-eabi/lib/thumb/v7-m/nofp/crt0.o (memset)

Discarded input sections

 .text          0x0000000000000000        0x0 c:/st/stm32cubeide_1.12.0/stm32cubeide/plugins/com.st.stm32cube.ide.mcu.externaltools.gnu-tools-for-stm32.10.3-2021.10.win32_1.0.200.202301161003/tools/bin/../lib/gcc/arm-none-eabi/10.3.1/thumb/v7-m/nofp/crti.o
 .data          0x0000000000000000        0x0 c:/st/stm32cubeide_1.12.0/stm32cubeide/plugins/com.st.stm32cube.ide.mcu.externaltools.gnu-tools-for-stm32.10.3-2021.10.win32_1.0.200.202301161003/tools/bin/../lib/gcc/arm-none-eabi/10.3.1/thumb/v7-m/nofp/crti.o
 .bss           0x0000000000000000        0x0 c:/st/stm32cubeide_1.12.0/stm32cubeide/plugins/com.st.stm32cube.ide.mcu.externaltools.gnu-tools-for-stm32.10.3-2021.10.win32_1.0.200.202301161003/tools/bin/../lib/gcc/arm-none-eabi/10.3.1/thumb/v7-m/nofp/crti.o
 .data          0x0000000000000000        0x4 c:/st/stm32cubeide_1.12.0/stm32cubeide/plugins/com.st.stm32cube.ide.mcu.externaltools.gnu-tools-for-stm32.10.3-2021.10.win32_1.0.200.202301161003/tools/bin/../lib/gcc/arm-none-eabi/10.3.1/thumb/v7-m/nofp/crtbegin.o
 .rodata        0x0000000000000000       0x24 c:/st/stm32cubeide_1.12.0/stm32cubeide/plugins/com.st.stm32cube.ide.mcu.externaltools.gnu-tools-for-stm32.10.3-2021.10.win32_1.0.200.202301161003/tools/bin/../lib/gcc/arm-none-eabi/10.3.1/thumb/v7-m/nofp/crtbegin.o
 .text          0x0000000000000000       0x7c c:/st/stm32cubeide_1.12.0/stm32cubeide/plugins/com.st.stm32cube.ide.mcu.externaltools.gnu-tools-for-stm32.10.3-2021.10.win32_1.0.200.202301161003/tools/bin/../lib/gcc/arm-none-eabi/10.3.1/../../../../arm-none-eabi/lib/thumb/v7-m/nofp/crt0.o
 .data          0x0000000000000000        0x0 c:/st/stm32cubeide_1.12.0/stm32cubeide/plugins/com.st.stm32cube.ide.mcu.externaltools.gnu-tools-for-stm32.10.3-2021.10.win32_1.0.200.202301161003/tools/bin/../lib/gcc/arm-none-eabi/10.3.1/../../../../arm-none-eabi/lib/thumb/v7-m/nofp/crt0.o
 .bss           0x0000000000000000        0x0 c:/st/stm32cubeide_1.12.0/stm32cubeide/plugins/com.st.stm32cube.ide.mcu.externaltools.gnu-tools-for-stm32.10.3-2021.10.win32_1.0.200.202301161003/tools/bin/../lib/gcc/arm-none-eabi/10.3.1/../../../../arm-none-eabi/lib/thumb/v7-m/nofp/crt0.o
[...]
Memory Configuration

Name             Origin             Length             Attributes
RAM              0x0000000020000000 0x0000000000002800 xrw
FLASH            0x0000000008000000 0x0000000000008000 xr
*default*        0x0000000000000000 0xffffffffffffffff

Linker script and memory map

LOAD c:/st/stm32cubeide_1.12.0/stm32cubeide/plugins/com.st.stm32cube.ide.mcu.externaltools.gnu-tools-for-stm32.10.3-2021.10.win32_1.0.200.202301161003/tools/bin/../lib/gcc/arm-none-eabi/10.3.1/thumb/v7-m/nofp/crti.o
LOAD c:/st/stm32cubeide_1.12.0/stm32cubeide/plugins/com.st.stm32cube.ide.mcu.externaltools.gnu-tools-for-stm32.10.3-2021.10.win32_1.0.200.202301161003/tools/bin/../lib/gcc/arm-none-eabi/10.3.1/thumb/v7-m/nofp/crtbegin.o
LOAD c:/st/stm32cubeide_1.12.0/stm32cubeide/plugins/com.st.stm32cube.ide.mcu.externaltools.gnu-tools-for-stm32.10.3-2021.10.win32_1.0.200.202301161003/tools/bin/../lib/gcc/arm-none-eabi/10.3.1/../../../../arm-none-eabi/lib/thumb/v7-m/nofp/crt0.o
LOAD ./Core/APP/ModeChange/Core/ModeChange.o
LOAD ./Core/BSW/DigitalTube/Core/DigitalTube.o
LOAD ./Core/BSW/InM/Core/InM.o
LOAD ./Core/BSW/LittleOs/Config/Task.o
LOAD ./Core/BSW/LittleOs/Core/OS.o
LOAD ./Core/BSW/Src/gpio.o
LOAD ./Core/BSW/Src/iwdg.o
LOAD ./Core/BSW/Src/main.o
LOAD ./Core/BSW/Src/stm32f1xx_hal_msp.o
LOAD ./Core/BSW/Src/stm32f1xx_it.o
LOAD ./Core/BSW/Src/syscalls.o
LOAD ./Core/BSW/Src/sysmem.o
LOAD ./Core/BSW/Src/system_stm32f1xx.o
LOAD ./Core/BSW/Src/tim.o
LOAD ./Core/Startup/startup_stm32f103c6tx.o
LOAD ./Drivers/STM32F1xx_HAL_Driver/Src/stm32f1xx_hal.o
LOAD ./Drivers/STM32F1xx_HAL_Driver/Src/stm32f1xx_hal_cortex.o
LOAD ./Drivers/STM32F1xx_HAL_Driver/Src/stm32f1xx_hal_dma.o
LOAD ./Drivers/STM32F1xx_HAL_Driver/Src/stm32f1xx_hal_exti.o
LOAD ./Drivers/STM32F1xx_HAL_Driver/Src/stm32f1xx_hal_flash.o
LOAD ./Drivers/STM32F1xx_HAL_Driver/Src/stm32f1xx_hal_flash_ex.o
LOAD ./Drivers/STM32F1xx_HAL_Driver/Src/stm32f1xx_hal_gpio.o
LOAD ./Drivers/STM32F1xx_HAL_Driver/Src/stm32f1xx_hal_gpio_ex.o
LOAD ./Drivers/STM32F1xx_HAL_Driver/Src/stm32f1xx_hal_iwdg.o
LOAD ./Drivers/STM32F1xx_HAL_Driver/Src/stm32f1xx_hal_pwr.o
LOAD ./Drivers/STM32F1xx_HAL_Driver/Src/stm32f1xx_hal_rcc.o
LOAD ./Drivers/STM32F1xx_HAL_Driver/Src/stm32f1xx_hal_rcc_ex.o
LOAD ./Drivers/STM32F1xx_HAL_Driver/Src/stm32f1xx_hal_tim.o
LOAD ./Drivers/STM32F1xx_HAL_Driver/Src/stm32f1xx_hal_tim_ex.o
START GROUP
LOAD c:/st/stm32cubeide_1.12.0/stm32cubeide/plugins/com.st.stm32cube.ide.mcu.externaltools.gnu-tools-for-stm32.10.3-2021.10.win32_1.0.200.202301161003/tools/bin/../lib/gcc/arm-none-eabi/10.3.1/../../../../arm-none-eabi/lib/thumb/v7-m/nofp\libc_nano.a
LOAD c:/st/stm32cubeide_1.12.0/stm32cubeide/plugins/com.st.stm32cube.ide.mcu.externaltools.gnu-tools-for-stm32.10.3-2021.10.win32_1.0.200.202301161003/tools/bin/../lib/gcc/arm-none-eabi/10.3.1/../../../../arm-none-eabi/lib/thumb/v7-m/nofp\libm.a
END GROUP
START GROUP
LOAD c:/st/stm32cubeide_1.12.0/stm32cubeide/plugins/com.st.stm32cube.ide.mcu.externaltools.gnu-tools-for-stm32.10.3-2021.10.win32_1.0.200.202301161003/tools/bin/../lib/gcc/arm-none-eabi/10.3.1/thumb/v7-m/nofp\libgcc.a
LOAD c:/st/stm32cubeide_1.12.0/stm32cubeide/plugins/com.st.stm32cube.ide.mcu.externaltools.gnu-tools-for-stm32.10.3-2021.10.win32_1.0.200.202301161003/tools/bin/../lib/gcc/arm-none-eabi/10.3.1/../../../../arm-none-eabi/lib/thumb/v7-m/nofp\libc_nano.a
END GROUP
START GROUP
LOAD c:/st/stm32cubeide_1.12.0/stm32cubeide/plugins/com.st.stm32cube.ide.mcu.externaltools.gnu-tools-for-stm32.10.3-2021.10.win32_1.0.200.202301161003/tools/bin/../lib/gcc/arm-none-eabi/10.3.1/thumb/v7-m/nofp\libgcc.a
LOAD c:/st/stm32cubeide_1.12.0/stm32cubeide/plugins/com.st.stm32cube.ide.mcu.externaltools.gnu-tools-for-stm32.10.3-2021.10.win32_1.0.200.202301161003/tools/bin/../lib/gcc/arm-none-eabi/10.3.1/../../../../arm-none-eabi/lib/thumb/v7-m/nofp\libc_nano.a
LOAD c:/st/stm32cubeide_1.12.0/stm32cubeide/plugins/com.st.stm32cube.ide.mcu.externaltools.gnu-tools-for-stm32.10.3-2021.10.win32_1.0.200.202301161003/tools/bin/../lib/gcc/arm-none-eabi/10.3.1/../../../../arm-none-eabi/lib/thumb/v7-m/nofp\libnosys.a
END GROUP
START GROUP
LOAD c:/st/stm32cubeide_1.12.0/stm32cubeide/plugins/com.st.stm32cube.ide.mcu.externaltools.gnu-tools-for-stm32.10.3-2021.10.win32_1.0.200.202301161003/tools/bin/../lib/gcc/arm-none-eabi/10.3.1/thumb/v7-m/nofp\libgcc.a
LOAD c:/st/stm32cubeide_1.12.0/stm32cubeide/plugins/com.st.stm32cube.ide.mcu.externaltools.gnu-tools-for-stm32.10.3-2021.10.win32_1.0.200.202301161003/tools/bin/../lib/gcc/arm-none-eabi/10.3.1/../../../../arm-none-eabi/lib/thumb/v7-m/nofp\libc_nano.a
LOAD c:/st/stm32cubeide_1.12.0/stm32cubeide/plugins/com.st.stm32cube.ide.mcu.externaltools.gnu-tools-for-stm32.10.3-2021.10.win32_1.0.200.202301161003/tools/bin/../lib/gcc/arm-none-eabi/10.3.1/../../../../arm-none-eabi/lib/thumb/v7-m/nofp\libnosys.a
END GROUP
LOAD c:/st/stm32cubeide_1.12.0/stm32cubeide/plugins/com.st.stm32cube.ide.mcu.externaltools.gnu-tools-for-stm32.10.3-2021.10.win32_1.0.200.202301161003/tools/bin/../lib/gcc/arm-none-eabi/10.3.1/thumb/v7-m/nofp/crtend.o
LOAD c:/st/stm32cubeide_1.12.0/stm32cubeide/plugins/com.st.stm32cube.ide.mcu.externaltools.gnu-tools-for-stm32.10.3-2021.10.win32_1.0.200.202301161003/tools/bin/../lib/gcc/arm-none-eabi/10.3.1/thumb/v7-m/nofp/crtn.o
                0x0000000020002800                _estack = (ORIGIN (RAM) + LENGTH (RAM))
                0x0000000000000200                _Min_Heap_Size = 0x200
                0x0000000000000400                _Min_Stack_Size = 0x400

.isr_vector     0x0000000008000000      0x10c
                0x0000000008000000                . = ALIGN (0x4)
 *(.isr_vector)
 .isr_vector    0x0000000008000000      0x10c ./Core/Startup/startup_stm32f103c6tx.o
                0x0000000008000000                g_pfnVectors
                0x000000000800010c                . = ALIGN (0x4)

.text           0x000000000800010c     0x2078
                0x000000000800010c                . = ALIGN (0x4)
 *(.text)
 .text          0x000000000800010c       0x40 c:/st/stm32cubeide_1.12.0/stm32cubeide/plugins/com.st.stm32cube.ide.mcu.externaltools.gnu-tools-for-stm32.10.3-2021.10.win32_1.0.200.202301161003/tools/bin/../lib/gcc/arm-none-eabi/10.3.1/thumb/v7-m/nofp/crtbegin.o
 *(.text*)
 .text.MC_Polling
                0x000000000800014c       0xa4 ./Core/APP/ModeChange/Core/ModeChange.o
                0x000000000800014c                MC_Polling
 .text.DT_Polling
                0x00000000080001f0       0x50 ./Core/BSW/DigitalTube/Core/DigitalTube.o
                0x00000000080001f0                DT_Polling
 .text.DT_Display_DIG1
                0x0000000008000240       0x44 ./Core/BSW/DigitalTube/Core/DigitalTube.o
 .text.DT_Display_DIG2
                0x0000000008000284       0x44 ./Core/BSW/DigitalTube/Core/DigitalTube.o
 .text.DT_Display_DIG3
                0x00000000080002c8       0x44 ./Core/BSW/DigitalTube/Core/DigitalTube.o
 .text.DT_Display
                0x000000000800030c      0x148 ./Core/BSW/DigitalTube/Core/DigitalTube.o
 .text.InM_Gather
                0x0000000008000454       0x7c ./Core/BSW/InM/Core/InM.o
                0x0000000008000454                InM_Gather
 .text.InM_ButtonDetect
                0x00000000080004d0       0xa4 ./Core/BSW/InM/Core/InM.o
                0x00000000080004d0                InM_ButtonDetect
 .text.OS_1ms   0x0000000008000574        0xc ./Core/BSW/LittleOs/Config/Task.o
                0x0000000008000574                OS_1ms
 .text.OS_2ms   0x0000000008000580        0xc ./Core/BSW/LittleOs/Config/Task.o
                0x0000000008000580                OS_2ms
 .text.OS_4ms1  0x000000000800058c        0xc ./Core/BSW/LittleOs/Config/Task.o
                0x000000000800058c                OS_4ms1
 .text.OS_8ms3  0x0000000008000598       0x10 ./Core/BSW/LittleOs/Config/Task.o
                0x0000000008000598                OS_8ms3
 .text.OS_8ms7  0x00000000080005a8       0x14 ./Core/BSW/LittleOs/Config/Task.o
                0x00000000080005a8                OS_8ms7
 .text.OS_Idle  0x00000000080005bc        0xc ./Core/BSW/LittleOs/Config/Task.o
                0x00000000080005bc                OS_Idle
 .text.LittleHeartFunc
                0x00000000080005c8       0x18 ./Core/BSW/LittleOs/Core/OS.o
                0x00000000080005c8                LittleHeartFunc
 .text.OS       0x00000000080005e0       0x80 ./Core/BSW/LittleOs/Core/OS.o
                0x00000000080005e0                OS
 .text.MX_GPIO_Init
                0x0000000008000660      0x13c ./Core/BSW/Src/gpio.o
                0x0000000008000660                MX_GPIO_Init
 .text.MX_IWDG_Init
                0x000000000800079c       0x34 ./Core/BSW/Src/iwdg.o
                0x000000000800079c                MX_IWDG_Init
 .text.main     0x00000000080007d0       0x28 ./Core/BSW/Src/main.o
                0x00000000080007d0                main
 .text.SystemClock_Config
                0x00000000080007f8       0x8e ./Core/BSW/Src/main.o
                0x00000000080007f8                SystemClock_Config
 .text.HAL_TIM_PeriodElapsedCallback
                0x0000000008000886       0x1e ./Core/BSW/Src/main.o
                0x0000000008000886                HAL_TIM_PeriodElapsedCallback
 .text.Error_Handler
                0x00000000080008a4        0xa ./Core/BSW/Src/main.o
                0x00000000080008a4                Error_Handler
 *fill*         0x00000000080008ae        0x2 
 .text.HAL_MspInit
                0x00000000080008b0       0x64 ./Core/BSW/Src/stm32f1xx_hal_msp.o
                0x00000000080008b0                HAL_MspInit
 .text.NMI_Handler
                0x0000000008000914        0x6 ./Core/BSW/Src/stm32f1xx_it.o
                0x0000000008000914                NMI_Handler
 .text.HardFault_Handler
                0x000000000800091a        0x6 ./Core/BSW/Src/stm32f1xx_it.o
                0x000000000800091a                HardFault_Handler
 .text.MemManage_Handler
                0x0000000008000920        0x6 ./Core/BSW/Src/stm32f1xx_it.o
                0x0000000008000920                MemManage_Handler
 .text.BusFault_Handler
                0x0000000008000926        0x6 ./Core/BSW/Src/stm32f1xx_it.o
                0x0000000008000926                BusFault_Handler
 .text.UsageFault_Handler
                0x000000000800092c        0x6 ./Core/BSW/Src/stm32f1xx_it.o
                0x000000000800092c                UsageFault_Handler
 .text.SVC_Handler
                0x0000000008000932        0xc ./Core/BSW/Src/stm32f1xx_it.o
                0x0000000008000932                SVC_Handler
 .text.DebugMon_Handler
                0x000000000800093e        0xc ./Core/BSW/Src/stm32f1xx_it.o
                0x000000000800093e                DebugMon_Handler
 .text.PendSV_Handler
                0x000000000800094a        0xc ./Core/BSW/Src/stm32f1xx_it.o
                0x000000000800094a                PendSV_Handler
 .text.SysTick_Handler
                0x0000000008000956        0xc ./Core/BSW/Src/stm32f1xx_it.o
                0x0000000008000956                SysTick_Handler
 *fill*         0x0000000008000962        0x2 
 .text.TIM2_IRQHandler
                0x0000000008000964       0x14 ./Core/BSW/Src/stm32f1xx_it.o
                0x0000000008000964                TIM2_IRQHandler
 .text.SystemInit
                0x0000000008000978        0xc ./Core/BSW/Src/system_stm32f1xx.o
                0x0000000008000978                SystemInit
 .text.MX_TIM2_Init
                0x0000000008000984       0x98 ./Core/BSW/Src/tim.o
                0x0000000008000984                MX_TIM2_Init
 .text.HAL_TIM_Base_MspInit
                0x0000000008000a1c       0x48 ./Core/BSW/Src/tim.o
                0x0000000008000a1c                HAL_TIM_Base_MspInit
 .text.Reset_Handler
                0x0000000008000a64       0x48 ./Core/Startup/startup_stm32f103c6tx.o
                0x0000000008000a64                Reset_Handler
 .text.Default_Handler
                0x0000000008000aac        0x2 ./Core/Startup/startup_stm32f103c6tx.o
                0x0000000008000aac                RTC_Alarm_IRQHandler
                0x0000000008000aac                EXTI2_IRQHandler
                0x0000000008000aac                TIM1_CC_IRQHandler
                0x0000000008000aac                PVD_IRQHandler
                0x0000000008000aac                EXTI3_IRQHandler
                0x0000000008000aac                EXTI0_IRQHandler
                0x0000000008000aac                ADC1_2_IRQHandler
                0x0000000008000aac                SPI1_IRQHandler
                0x0000000008000aac                TAMPER_IRQHandler
                0x0000000008000aac                DMA1_Channel4_IRQHandler
                0x0000000008000aac                RTC_IRQHandler
                0x0000000008000aac                DMA1_Channel7_IRQHandler
                0x0000000008000aac                CAN1_RX1_IRQHandler
                0x0000000008000aac                I2C1_EV_IRQHandler
                0x0000000008000aac                DMA1_Channel6_IRQHandler
                0x0000000008000aac                TIM3_IRQHandler
                0x0000000008000aac                RCC_IRQHandler
                0x0000000008000aac                TIM1_TRG_COM_IRQHandler
                0x0000000008000aac                DMA1_Channel1_IRQHandler
                0x0000000008000aac                Default_Handler
                0x0000000008000aac                EXTI15_10_IRQHandler
                0x0000000008000aac                EXTI9_5_IRQHandler
                0x0000000008000aac                DMA1_Channel5_IRQHandler
                0x0000000008000aac                EXTI4_IRQHandler
                0x0000000008000aac                USB_LP_CAN1_RX0_IRQHandler
                0x0000000008000aac                USB_HP_CAN1_TX_IRQHandler
                0x0000000008000aac                DMA1_Channel3_IRQHandler
                0x0000000008000aac                TIM1_UP_IRQHandler
                0x0000000008000aac                WWDG_IRQHandler
                0x0000000008000aac                TIM1_BRK_IRQHandler
                0x0000000008000aac                EXTI1_IRQHandler
                0x0000000008000aac                USART2_IRQHandler
                0x0000000008000aac                DMA1_Channel2_IRQHandler
                0x0000000008000aac                CAN1_SCE_IRQHandler
                0x0000000008000aac                FLASH_IRQHandler
                0x0000000008000aac                USART1_IRQHandler
                0x0000000008000aac                I2C1_ER_IRQHandler
                0x0000000008000aac                USBWakeUp_IRQHandler
 *fill*         0x0000000008000aae        0x2 
 .text.HAL_Init
                0x0000000008000ab0       0x2c ./Drivers/STM32F1xx_HAL_Driver/Src/stm32f1xx_hal.o
                0x0000000008000ab0                HAL_Init
 .text.HAL_InitTick
                0x0000000008000adc       0x60 ./Drivers/STM32F1xx_HAL_Driver/Src/stm32f1xx_hal.o
                0x0000000008000adc                HAL_InitTick
 .text.HAL_IncTick
                0x0000000008000b3c       0x24 ./Drivers/STM32F1xx_HAL_Driver/Src/stm32f1xx_hal.o
                0x0000000008000b3c                HAL_IncTick
 .text.HAL_GetTick
                0x0000000008000b60       0x14 ./Drivers/STM32F1xx_HAL_Driver/Src/stm32f1xx_hal.o
                0x0000000008000b60                HAL_GetTick
 .text.__NVIC_SetPriorityGrouping
                0x0000000008000b74       0x48 ./Drivers/STM32F1xx_HAL_Driver/Src/stm32f1xx_hal_cortex.o
 .text.__NVIC_GetPriorityGrouping
                0x0000000008000bbc       0x1c ./Drivers/STM32F1xx_HAL_Driver/Src/stm32f1xx_hal_cortex.o
 .text.__NVIC_EnableIRQ
                0x0000000008000bd8       0x38 ./Drivers/STM32F1xx_HAL_Driver/Src/stm32f1xx_hal_cortex.o
 .text.__NVIC_SetPriority
                0x0000000008000c10       0x54 ./Drivers/STM32F1xx_HAL_Driver/Src/stm32f1xx_hal_cortex.o
 .text.NVIC_EncodePriority
                0x0000000008000c64       0x64 ./Drivers/STM32F1xx_HAL_Driver/Src/stm32f1xx_hal_cortex.o
 .text.SysTick_Config
                0x0000000008000cc8       0x44 ./Drivers/STM32F1xx_HAL_Driver/Src/stm32f1xx_hal_cortex.o
 .text.HAL_NVIC_SetPriorityGrouping
                0x0000000008000d0c       0x16 ./Drivers/STM32F1xx_HAL_Driver/Src/stm32f1xx_hal_cortex.o
                0x0000000008000d0c                HAL_NVIC_SetPriorityGrouping
 .text.HAL_NVIC_SetPriority
                0x0000000008000d22       0x38 ./Drivers/STM32F1xx_HAL_Driver/Src/stm32f1xx_hal_cortex.o
                0x0000000008000d22                HAL_NVIC_SetPriority
 .text.HAL_NVIC_EnableIRQ
                0x0000000008000d5a       0x1c ./Drivers/STM32F1xx_HAL_Driver/Src/stm32f1xx_hal_cortex.o
                0x0000000008000d5a                HAL_NVIC_EnableIRQ
 .text.HAL_SYSTICK_Config
                0x0000000008000d76       0x18 ./Drivers/STM32F1xx_HAL_Driver/Src/stm32f1xx_hal_cortex.o
                0x0000000008000d76                HAL_SYSTICK_Config
 *fill*         0x0000000008000d8e        0x2 
 .text.HAL_GPIO_Init
                0x0000000008000d90      0x2f8 ./Drivers/STM32F1xx_HAL_Driver/Src/stm32f1xx_hal_gpio.o
                0x0000000008000d90                HAL_GPIO_Init
 .text.HAL_GPIO_ReadPin
                0x0000000008001088       0x2e ./Drivers/STM32F1xx_HAL_Driver/Src/stm32f1xx_hal_gpio.o
                0x0000000008001088                HAL_GPIO_ReadPin
 .text.HAL_GPIO_WritePin
                0x00000000080010b6       0x30 ./Drivers/STM32F1xx_HAL_Driver/Src/stm32f1xx_hal_gpio.o
                0x00000000080010b6                HAL_GPIO_WritePin
 .text.HAL_IWDG_Init
                0x00000000080010e6       0x84 ./Drivers/STM32F1xx_HAL_Driver/Src/stm32f1xx_hal_iwdg.o
                0x00000000080010e6                HAL_IWDG_Init
 .text.HAL_IWDG_Refresh
                0x000000000800116a       0x1e ./Drivers/STM32F1xx_HAL_Driver/Src/stm32f1xx_hal_iwdg.o
                0x000000000800116a                HAL_IWDG_Refresh
 .text.HAL_RCC_OscConfig
                0x0000000008001188      0x504 ./Drivers/STM32F1xx_HAL_Driver/Src/stm32f1xx_hal_rcc.o
                0x0000000008001188                HAL_RCC_OscConfig
 .text.HAL_RCC_ClockConfig
                0x000000000800168c      0x1d4 ./Drivers/STM32F1xx_HAL_Driver/Src/stm32f1xx_hal_rcc.o
                0x000000000800168c                HAL_RCC_ClockConfig
 .text.HAL_RCC_GetSysClockFreq
                0x0000000008001860       0xa8 ./Drivers/STM32F1xx_HAL_Driver/Src/stm32f1xx_hal_rcc.o
                0x0000000008001860                HAL_RCC_GetSysClockFreq
 .text.RCC_Delay
                0x0000000008001908       0x3c ./Drivers/STM32F1xx_HAL_Driver/Src/stm32f1xx_hal_rcc.o
 .text.HAL_TIM_Base_Init
                0x0000000008001944       0x9e ./Drivers/STM32F1xx_HAL_Driver/Src/stm32f1xx_hal_tim.o
                0x0000000008001944                HAL_TIM_Base_Init
 *fill*         0x00000000080019e2        0x2 
 .text.HAL_TIM_Base_Start_IT
                0x00000000080019e4       0x98 ./Drivers/STM32F1xx_HAL_Driver/Src/stm32f1xx_hal_tim.o
                0x00000000080019e4                HAL_TIM_Base_Start_IT
 .text.HAL_TIM_IRQHandler
                0x0000000008001a7c      0x210 ./Drivers/STM32F1xx_HAL_Driver/Src/stm32f1xx_hal_tim.o
                0x0000000008001a7c                HAL_TIM_IRQHandler
 .text.HAL_TIM_ConfigClockSource
                0x0000000008001c8c      0x18e ./Drivers/STM32F1xx_HAL_Driver/Src/stm32f1xx_hal_tim.o
                0x0000000008001c8c                HAL_TIM_ConfigClockSource
 .text.HAL_TIM_OC_DelayElapsedCallback
                0x0000000008001e1a       0x12 ./Drivers/STM32F1xx_HAL_Driver/Src/stm32f1xx_hal_tim.o
                0x0000000008001e1a                HAL_TIM_OC_DelayElapsedCallback
 .text.HAL_TIM_IC_CaptureCallback
                0x0000000008001e2c       0x12 ./Drivers/STM32F1xx_HAL_Driver/Src/stm32f1xx_hal_tim.o
                0x0000000008001e2c                HAL_TIM_IC_CaptureCallback
 .text.HAL_TIM_PWM_PulseFinishedCallback
                0x0000000008001e3e       0x12 ./Drivers/STM32F1xx_HAL_Driver/Src/stm32f1xx_hal_tim.o
                0x0000000008001e3e                HAL_TIM_PWM_PulseFinishedCallback
 .text.HAL_TIM_TriggerCallback
                0x0000000008001e50       0x12 ./Drivers/STM32F1xx_HAL_Driver/Src/stm32f1xx_hal_tim.o
                0x0000000008001e50                HAL_TIM_TriggerCallback
 *fill*         0x0000000008001e62        0x2 
 .text.TIM_Base_SetConfig
                0x0000000008001e64       0xb0 ./Drivers/STM32F1xx_HAL_Driver/Src/stm32f1xx_hal_tim.o
                0x0000000008001e64                TIM_Base_SetConfig
 .text.TIM_TI1_ConfigInputStage
                0x0000000008001f14       0x5c ./Drivers/STM32F1xx_HAL_Driver/Src/stm32f1xx_hal_tim.o
 .text.TIM_TI2_ConfigInputStage
                0x0000000008001f70       0x5e ./Drivers/STM32F1xx_HAL_Driver/Src/stm32f1xx_hal_tim.o
 .text.TIM_ITRx_SetConfig
                0x0000000008001fce       0x34 ./Drivers/STM32F1xx_HAL_Driver/Src/stm32f1xx_hal_tim.o
 .text.TIM_ETR_SetConfig
                0x0000000008002002       0x3e ./Drivers/STM32F1xx_HAL_Driver/Src/stm32f1xx_hal_tim.o
                0x0000000008002002                TIM_ETR_SetConfig
 .text.HAL_TIMEx_MasterConfigSynchronization
                0x0000000008002040       0xb0 ./Drivers/STM32F1xx_HAL_Driver/Src/stm32f1xx_hal_tim_ex.o
                0x0000000008002040                HAL_TIMEx_MasterConfigSynchronization
 .text.HAL_TIMEx_CommutCallback
                0x00000000080020f0       0x12 ./Drivers/STM32F1xx_HAL_Driver/Src/stm32f1xx_hal_tim_ex.o
                0x00000000080020f0                HAL_TIMEx_CommutCallback
 .text.HAL_TIMEx_BreakCallback
                0x0000000008002102       0x12 ./Drivers/STM32F1xx_HAL_Driver/Src/stm32f1xx_hal_tim_ex.o
                0x0000000008002102                HAL_TIMEx_BreakCallback
 .text.__libc_init_array
                0x0000000008002114       0x48 c:/st/stm32cubeide_1.12.0/stm32cubeide/plugins/com.st.stm32cube.ide.mcu.externaltools.gnu-tools-for-stm32.10.3-2021.10.win32_1.0.200.202301161003/tools/bin/../lib/gcc/arm-none-eabi/10.3.1/../../../../arm-none-eabi/lib/thumb/v7-m/nofp\libc_nano.a(lib_a-init.o)
                0x0000000008002114                __libc_init_array
 .text.memset   0x000000000800215c       0x10 c:/st/stm32cubeide_1.12.0/stm32cubeide/plugins/com.st.stm32cube.ide.mcu.externaltools.gnu-tools-for-stm32.10.3-2021.10.win32_1.0.200.202301161003/tools/bin/../lib/gcc/arm-none-eabi/10.3.1/../../../../arm-none-eabi/lib/thumb/v7-m/nofp\libc_nano.a(lib_a-memset.o)
                0x000000000800215c                memset
 *(.glue_7)
 .glue_7        0x000000000800216c        0x0 linker stubs
 *(.glue_7t)
 .glue_7t       0x000000000800216c        0x0 linker stubs
 *(.eh_frame)
 .eh_frame      0x000000000800216c        0x0 c:/st/stm32cubeide_1.12.0/stm32cubeide/plugins/com.st.stm32cube.ide.mcu.externaltools.gnu-tools-for-stm32.10.3-2021.10.win32_1.0.200.202301161003/tools/bin/../lib/gcc/arm-none-eabi/10.3.1/thumb/v7-m/nofp/crtbegin.o
 *(.init)
 .init          0x000000000800216c        0x4 c:/st/stm32cubeide_1.12.0/stm32cubeide/plugins/com.st.stm32cube.ide.mcu.externaltools.gnu-tools-for-stm32.10.3-2021.10.win32_1.0.200.202301161003/tools/bin/../lib/gcc/arm-none-eabi/10.3.1/thumb/v7-m/nofp/crti.o
                0x000000000800216c                _init
 .init          0x0000000008002170        0x8 c:/st/stm32cubeide_1.12.0/stm32cubeide/plugins/com.st.stm32cube.ide.mcu.externaltools.gnu-tools-for-stm32.10.3-2021.10.win32_1.0.200.202301161003/tools/bin/../lib/gcc/arm-none-eabi/10.3.1/thumb/v7-m/nofp/crtn.o
 *(.fini)
 .fini          0x0000000008002178        0x4 c:/st/stm32cubeide_1.12.0/stm32cubeide/plugins/com.st.stm32cube.ide.mcu.externaltools.gnu-tools-for-stm32.10.3-2021.10.win32_1.0.200.202301161003/tools/bin/../lib/gcc/arm-none-eabi/10.3.1/thumb/v7-m/nofp/crti.o
                0x0000000008002178                _fini
 .fini          0x000000000800217c        0x8 c:/st/stm32cubeide_1.12.0/stm32cubeide/plugins/com.st.stm32cube.ide.mcu.externaltools.gnu-tools-for-stm32.10.3-2021.10.win32_1.0.200.202301161003/tools/bin/../lib/gcc/arm-none-eabi/10.3.1/thumb/v7-m/nofp/crtn.o
                0x0000000008002184                . = ALIGN (0x4)
                0x0000000008002184                _etext = .

.vfp11_veneer   0x0000000008002184        0x0
 .vfp11_veneer  0x0000000008002184        0x0 linker stubs

.v4_bx          0x0000000008002184        0x0
 .v4_bx         0x0000000008002184        0x0 linker stubs

.iplt           0x0000000008002184        0x0
 .iplt          0x0000000008002184        0x0 c:/st/stm32cubeide_1.12.0/stm32cubeide/plugins/com.st.stm32cube.ide.mcu.externaltools.gnu-tools-for-stm32.10.3-2021.10.win32_1.0.200.202301161003/tools/bin/../lib/gcc/arm-none-eabi/10.3.1/thumb/v7-m/nofp/crtbegin.o

.rodata         0x0000000008002184       0x24
                0x0000000008002184                . = ALIGN (0x4)
 *(.rodata)
 *(.rodata*)
 .rodata.AHBPrescTable
                0x0000000008002184       0x10 ./Core/BSW/Src/system_stm32f1xx.o
                0x0000000008002184                AHBPrescTable
 .rodata.aPLLMULFactorTable.1
                0x0000000008002194       0x10 ./Drivers/STM32F1xx_HAL_Driver/Src/stm32f1xx_hal_rcc.o
 .rodata.aPredivFactorTable.0
                0x00000000080021a4        0x2 ./Drivers/STM32F1xx_HAL_Driver/Src/stm32f1xx_hal_rcc.o
                0x00000000080021a8                . = ALIGN (0x4)
 *fill*         0x00000000080021a6        0x2 

.rel.dyn        0x00000000080021a8        0x0
 .rel.iplt      0x00000000080021a8        0x0 c:/st/stm32cubeide_1.12.0/stm32cubeide/plugins/com.st.stm32cube.ide.mcu.externaltools.gnu-tools-for-stm32.10.3-2021.10.win32_1.0.200.202301161003/tools/bin/../lib/gcc/arm-none-eabi/10.3.1/thumb/v7-m/nofp/crtbegin.o

.ARM.extab      0x00000000080021a8        0x0
                0x00000000080021a8                . = ALIGN (0x4)
 *(.ARM.extab* .gnu.linkonce.armextab.*)
                0x00000000080021a8                . = ALIGN (0x4)

.ARM            0x00000000080021a8        0x0
                0x00000000080021a8                . = ALIGN (0x4)
                0x00000000080021a8                __exidx_start = .
 *(.ARM.exidx*)
                0x00000000080021a8                __exidx_end = .
                0x00000000080021a8                . = ALIGN (0x4)

.preinit_array  0x00000000080021a8        0x0
                0x00000000080021a8                . = ALIGN (0x4)
                0x00000000080021a8                PROVIDE (__preinit_array_start = .)
 *(.preinit_array*)
                0x00000000080021a8                PROVIDE (__preinit_array_end = .)
                0x00000000080021a8                . = ALIGN (0x4)

.init_array     0x00000000080021a8        0x4
                0x00000000080021a8                . = ALIGN (0x4)
                0x00000000080021a8                PROVIDE (__init_array_start = .)
 *(SORT_BY_NAME(.init_array.*))
 *(.init_array*)
 .init_array    0x00000000080021a8        0x4 c:/st/stm32cubeide_1.12.0/stm32cubeide/plugins/com.st.stm32cube.ide.mcu.externaltools.gnu-tools-for-stm32.10.3-2021.10.win32_1.0.200.202301161003/tools/bin/../lib/gcc/arm-none-eabi/10.3.1/thumb/v7-m/nofp/crtbegin.o
                0x00000000080021ac                PROVIDE (__init_array_end = .)
                0x00000000080021ac                . = ALIGN (0x4)

.fini_array     0x00000000080021ac        0x4
                0x00000000080021ac                . = ALIGN (0x4)
                [!provide]                        PROVIDE (__fini_array_start = .)
 *(SORT_BY_NAME(.fini_array.*))
 *(.fini_array*)
 .fini_array    0x00000000080021ac        0x4 c:/st/stm32cubeide_1.12.0/stm32cubeide/plugins/com.st.stm32cube.ide.mcu.externaltools.gnu-tools-for-stm32.10.3-2021.10.win32_1.0.200.202301161003/tools/bin/../lib/gcc/arm-none-eabi/10.3.1/thumb/v7-m/nofp/crtbegin.o
                [!provide]                        PROVIDE (__fini_array_end = .)
                0x00000000080021b0                . = ALIGN (0x4)
                0x00000000080021b0                _sidata = LOADADDR (.data)

.data           0x0000000020000000       0x34 load address 0x00000000080021b0
                0x0000000020000000                . = ALIGN (0x4)
                0x0000000020000000                _sdata = .
 *(.data)
 *(.data*)
 .data.TaskTable
                0x0000000020000000       0x28 ./Core/BSW/LittleOs/Config/Task.o
                0x0000000020000000                TaskTable
 .data.SystemCoreClock
                0x0000000020000028        0x4 ./Core/BSW/Src/system_stm32f1xx.o
                0x0000000020000028                SystemCoreClock
 .data.uwTickPrio
                0x000000002000002c        0x4 ./Drivers/STM32F1xx_HAL_Driver/Src/stm32f1xx_hal.o
                0x000000002000002c                uwTickPrio
 .data.uwTickFreq
                0x0000000020000030        0x1 ./Drivers/STM32F1xx_HAL_Driver/Src/stm32f1xx_hal.o
                0x0000000020000030                uwTickFreq
 *(.RamFunc)
 *(.RamFunc*)
                0x0000000020000034                . = ALIGN (0x4)
 *fill*         0x0000000020000031        0x3 
                0x0000000020000034                _edata = .

.igot.plt       0x0000000020000034        0x0 load address 0x00000000080021e4
 .igot.plt      0x0000000020000034        0x0 c:/st/stm32cubeide_1.12.0/stm32cubeide/plugins/com.st.stm32cube.ide.mcu.externaltools.gnu-tools-for-stm32.10.3-2021.10.win32_1.0.200.202301161003/tools/bin/../lib/gcc/arm-none-eabi/10.3.1/thumb/v7-m/nofp/crtbegin.o
                0x0000000020000034                . = ALIGN (0x4)

.bss            0x0000000020000034       0x84 load address 0x00000000080021e4
                0x0000000020000034                _sbss = .
                0x0000000020000034                __bss_start__ = _sbss
 *(.bss)
 .bss           0x0000000020000034       0x1c c:/st/stm32cubeide_1.12.0/stm32cubeide/plugins/com.st.stm32cube.ide.mcu.externaltools.gnu-tools-for-stm32.10.3-2021.10.win32_1.0.200.202301161003/tools/bin/../lib/gcc/arm-none-eabi/10.3.1/thumb/v7-m/nofp/crtbegin.o
 *(.bss*)
 .bss.TgMode    0x0000000020000050        0x1 ./Core/APP/ModeChange/Core/ModeChange.o
                0x0000000020000050                TgMode
 .bss.PreSate.0
                0x0000000020000051        0x1 ./Core/APP/ModeChange/Core/ModeChange.o
 .bss.DisplayDig1
                0x0000000020000052        0x1 ./Core/BSW/DigitalTube/Core/DigitalTube.o
                0x0000000020000052                DisplayDig1
 .bss.DisplayDig2
                0x0000000020000053        0x1 ./Core/BSW/DigitalTube/Core/DigitalTube.o
                0x0000000020000053                DisplayDig2
 .bss.DisplayDig3
                0x0000000020000054        0x1 ./Core/BSW/DigitalTube/Core/DigitalTube.o
                0x0000000020000054                DisplayDig3
 .bss.cnt.0     0x0000000020000055        0x1 ./Core/BSW/DigitalTube/Core/DigitalTube.o
 *fill*         0x0000000020000056        0x2 
 .bss.KeyPress  0x0000000020000058        0x4 ./Core/BSW/InM/Core/InM.o
                0x0000000020000058                KeyPress
 .bss.LittleHeart
                0x000000002000005c        0x1 ./Core/BSW/LittleOs/Core/OS.o
                0x000000002000005c                LittleHeart
 .bss.HeartCnt.0
                0x000000002000005d        0x1 ./Core/BSW/LittleOs/Core/OS.o
 *fill*         0x000000002000005e        0x2 
 .bss.hiwdg     0x0000000020000060        0xc ./Core/BSW/Src/iwdg.o
                0x0000000020000060                hiwdg
 .bss.htim2     0x000000002000006c       0x48 ./Core/BSW/Src/tim.o
                0x000000002000006c                htim2
 .bss.uwTick    0x00000000200000b4        0x4 ./Drivers/STM32F1xx_HAL_Driver/Src/stm32f1xx_hal.o
                0x00000000200000b4                uwTick
 *(COMMON)
                0x00000000200000b8                . = ALIGN (0x4)
                0x00000000200000b8                _ebss = .
                0x00000000200000b8                __bss_end__ = _ebss

._user_heap_stack
                0x00000000200000b8      0x600 load address 0x00000000080021e4
                0x00000000200000b8                . = ALIGN (0x8)
                [!provide]                        PROVIDE (end = .)
                0x00000000200000b8                PROVIDE (_end = .)
                0x00000000200002b8                . = (. + _Min_Heap_Size)
 *fill*         0x00000000200000b8      0x200 
                0x00000000200006b8                . = (. + _Min_Stack_Size)
 *fill*         0x00000000200002b8      0x400 
                0x00000000200006b8                . = ALIGN (0x8)

/DISCARD/
 libc.a(*)
 libm.a(*)
 libgcc.a(*)

.ARM.attributes
                0x0000000000000000       0x29
 *(.ARM.attributes)
 .ARM.attributes
                0x0000000000000000       0x1d c:/st/stm32cubeide_1.12.0/stm32cubeide/plugins/com.st.stm32cube.ide.mcu.externaltools.gnu-tools-for-stm32.10.3-2021.10.win32_1.0.200.202301161003/tools/bin/../lib/gcc/arm-none-eabi/10.3.1/thumb/v7-m/nofp/crti.o
 .ARM.attributes
                0x000000000000001d       0x2d c:/st/stm32cubeide_1.12.0/stm32cubeide/plugins/com.st.stm32cube.ide.mcu.externaltools.gnu-tools-for-stm32.10.3-2021.10.win32_1.0.200.202301161003/tools/bin/../lib/gcc/arm-none-eabi/10.3.1/thumb/v7-m/nofp/crtbegin.o
 .ARM.attributes
                0x000000000000004a       0x2d ./Core/APP/ModeChange/Core/ModeChange.o
 .ARM.attributes
                0x0000000000000077       0x2d ./Core/BSW/DigitalTube/Core/DigitalTube.o
 .ARM.attributes
                0x00000000000000a4       0x2d ./Core/BSW/InM/Core/InM.o
 .ARM.attributes
                0x00000000000000d1       0x2d ./Core/BSW/LittleOs/Config/Task.o
 .ARM.attributes
                0x00000000000000fe       0x2d ./Core/BSW/LittleOs/Core/OS.o
 .ARM.attributes
                0x000000000000012b       0x2d ./Core/BSW/Src/gpio.o
 .ARM.attributes
                0x0000000000000158       0x2d ./Core/BSW/Src/iwdg.o
 .ARM.attributes
                0x0000000000000185       0x2d ./Core/BSW/Src/main.o
 .ARM.attributes
                0x00000000000001b2       0x2d ./Core/BSW/Src/stm32f1xx_hal_msp.o
 .ARM.attributes
                0x00000000000001df       0x2d ./Core/BSW/Src/stm32f1xx_it.o
 .ARM.attributes
                0x000000000000020c       0x2d ./Core/BSW/Src/system_stm32f1xx.o
 .ARM.attributes
                0x0000000000000239       0x2d ./Core/BSW/Src/tim.o
 .ARM.attributes
                0x0000000000000266       0x21 ./Core/Startup/startup_stm32f103c6tx.o
 .ARM.attributes
                0x0000000000000287       0x2d ./Drivers/STM32F1xx_HAL_Driver/Src/stm32f1xx_hal.o
 .ARM.attributes
                0x00000000000002b4       0x2d ./Drivers/STM32F1xx_HAL_Driver/Src/stm32f1xx_hal_cortex.o
 .ARM.attributes
                0x00000000000002e1       0x2d ./Drivers/STM32F1xx_HAL_Driver/Src/stm32f1xx_hal_gpio.o
 .ARM.attributes
                0x000000000000030e       0x2d ./Drivers/STM32F1xx_HAL_Driver/Src/stm32f1xx_hal_iwdg.o
 .ARM.attributes
                0x000000000000033b       0x2d ./Drivers/STM32F1xx_HAL_Driver/Src/stm32f1xx_hal_rcc.o
 .ARM.attributes
                0x0000000000000368       0x2d ./Drivers/STM32F1xx_HAL_Driver/Src/stm32f1xx_hal_tim.o
 .ARM.attributes
                0x0000000000000395       0x2d ./Drivers/STM32F1xx_HAL_Driver/Src/stm32f1xx_hal_tim_ex.o
 .ARM.attributes
                0x00000000000003c2       0x2d c:/st/stm32cubeide_1.12.0/stm32cubeide/plugins/com.st.stm32cube.ide.mcu.externaltools.gnu-tools-for-stm32.10.3-2021.10.win32_1.0.200.202301161003/tools/bin/../lib/gcc/arm-none-eabi/10.3.1/../../../../arm-none-eabi/lib/thumb/v7-m/nofp\libc_nano.a(lib_a-init.o)
 .ARM.attributes
                0x00000000000003ef       0x2d c:/st/stm32cubeide_1.12.0/stm32cubeide/plugins/com.st.stm32cube.ide.mcu.externaltools.gnu-tools-for-stm32.10.3-2021.10.win32_1.0.200.202301161003/tools/bin/../lib/gcc/arm-none-eabi/10.3.1/../../../../arm-none-eabi/lib/thumb/v7-m/nofp\libc_nano.a(lib_a-memset.o)
 .ARM.attributes
                0x000000000000041c       0x1d c:/st/stm32cubeide_1.12.0/stm32cubeide/plugins/com.st.stm32cube.ide.mcu.externaltools.gnu-tools-for-stm32.10.3-2021.10.win32_1.0.200.202301161003/tools/bin/../lib/gcc/arm-none-eabi/10.3.1/thumb/v7-m/nofp/crtn.o
OUTPUT(KeyPressTriggers.elf elf32-littlearm)
LOAD linker stubs
LOAD c:/st/stm32cubeide_1.12.0/stm32cubeide/plugins/com.st.stm32cube.ide.mcu.externaltools.gnu-tools-for-stm32.10.3-2021.10.win32_1.0.200.202301161003/tools/bin/../lib/gcc/arm-none-eabi/10.3.1/../../../../arm-none-eabi/lib/thumb/v7-m/nofp\libc.a
LOAD c:/st/stm32cubeide_1.12.0/stm32cubeide/plugins/com.st.stm32cube.ide.mcu.externaltools.gnu-tools-for-stm32.10.3-2021.10.win32_1.0.200.202301161003/tools/bin/../lib/gcc/arm-none-eabi/10.3.1/../../../../arm-none-eabi/lib/thumb/v7-m/nofp\libm.a
LOAD c:/st/stm32cubeide_1.12.0/stm32cubeide/plugins/com.st.stm32cube.ide.mcu.externaltools.gnu-tools-for-stm32.10.3-2021.10.win32_1.0.200.202301161003/tools/bin/../lib/gcc/arm-none-eabi/10.3.1/thumb/v7-m/nofp\libgcc.a

.debug_info     0x0000000000000000     0x9199
 .debug_info    0x0000000000000000      0x193 ./Core/APP/ModeChange/Core/ModeChange.o
 .debug_info    0x0000000000000193      0x23e ./Core/BSW/DigitalTube/Core/DigitalTube.o
 .debug_info    0x00000000000003d1      0x268 ./Core/BSW/InM/Core/InM.o
 .debug_info    0x0000000000000639      0x305 ./Core/BSW/LittleOs/Config/Task.o
 .debug_info    0x000000000000093e      0x1b0 ./Core/BSW/LittleOs/Core/OS.o
 .debug_info    0x0000000000000aee      0x30b ./Core/BSW/Src/gpio.o
 .debug_info    0x0000000000000df9      0x1ca ./Core/BSW/Src/iwdg.o
 .debug_info    0x0000000000000fc3      0x891 ./Core/BSW/Src/main.o
 .debug_info    0x0000000000001854      0x210 ./Core/BSW/Src/stm32f1xx_hal_msp.o
 .debug_info    0x0000000000001a64      0x6ef ./Core/BSW/Src/stm32f1xx_it.o
 .debug_info    0x0000000000002153      0x23d ./Core/BSW/Src/system_stm32f1xx.o
 .debug_info    0x0000000000002390      0x9f7 ./Core/BSW/Src/tim.o
 .debug_info    0x0000000000002d87       0x22 ./Core/Startup/startup_stm32f103c6tx.o
 .debug_info    0x0000000000002da9      0x716 ./Drivers/STM32F1xx_HAL_Driver/Src/stm32f1xx_hal.o
 .debug_info    0x00000000000034bf      0xb02 ./Drivers/STM32F1xx_HAL_Driver/Src/stm32f1xx_hal_cortex.o
 .debug_info    0x0000000000003fc1      0x615 ./Drivers/STM32F1xx_HAL_Driver/Src/stm32f1xx_hal_gpio.o
 .debug_info    0x00000000000045d6      0x1ec ./Drivers/STM32F1xx_HAL_Driver/Src/stm32f1xx_hal_iwdg.o
 .debug_info    0x00000000000047c2      0x865 ./Drivers/STM32F1xx_HAL_Driver/Src/stm32f1xx_hal_rcc.o
 .debug_info    0x0000000000005027     0x2bab ./Drivers/STM32F1xx_HAL_Driver/Src/stm32f1xx_hal_tim.o
 .debug_info    0x0000000000007bd2     0x15c7 ./Drivers/STM32F1xx_HAL_Driver/Src/stm32f1xx_hal_tim_ex.o

.debug_abbrev   0x0000000000000000     0x1fb9
 .debug_abbrev  0x0000000000000000       0xdd ./Core/APP/ModeChange/Core/ModeChange.o
 .debug_abbrev  0x00000000000000dd      0x154 ./Core/BSW/DigitalTube/Core/DigitalTube.o
 .debug_abbrev  0x0000000000000231      0x167 ./Core/BSW/InM/Core/InM.o
 .debug_abbrev  0x0000000000000398      0x17d ./Core/BSW/LittleOs/Config/Task.o
 .debug_abbrev  0x0000000000000515      0x143 ./Core/BSW/LittleOs/Core/OS.o
 .debug_abbrev  0x0000000000000658      0x134 ./Core/BSW/Src/gpio.o
 .debug_abbrev  0x000000000000078c      0x124 ./Core/BSW/Src/iwdg.o
 .debug_abbrev  0x00000000000008b0      0x223 ./Core/BSW/Src/main.o
 .debug_abbrev  0x0000000000000ad3       0xd4 ./Core/BSW/Src/stm32f1xx_hal_msp.o
 .debug_abbrev  0x0000000000000ba7      0x184 ./Core/BSW/Src/stm32f1xx_it.o
 .debug_abbrev  0x0000000000000d2b      0x13b ./Core/BSW/Src/system_stm32f1xx.o
 .debug_abbrev  0x0000000000000e66      0x1fe ./Core/BSW/Src/tim.o
 .debug_abbrev  0x0000000000001064       0x12 ./Core/Startup/startup_stm32f103c6tx.o
 .debug_abbrev  0x0000000000001076      0x1fb ./Drivers/STM32F1xx_HAL_Driver/Src/stm32f1xx_hal.o
 .debug_abbrev  0x0000000000001271      0x2ed ./Drivers/STM32F1xx_HAL_Driver/Src/stm32f1xx_hal_cortex.o
 .debug_abbrev  0x000000000000155e      0x1bb ./Drivers/STM32F1xx_HAL_Driver/Src/stm32f1xx_hal_gpio.o
 .debug_abbrev  0x0000000000001719      0x128 ./Drivers/STM32F1xx_HAL_Driver/Src/stm32f1xx_hal_iwdg.o
 .debug_abbrev  0x0000000000001841      0x2a8 ./Drivers/STM32F1xx_HAL_Driver/Src/stm32f1xx_hal_rcc.o
 .debug_abbrev  0x0000000000001ae9      0x264 ./Drivers/STM32F1xx_HAL_Driver/Src/stm32f1xx_hal_tim.o
 .debug_abbrev  0x0000000000001d4d      0x26c ./Drivers/STM32F1xx_HAL_Driver/Src/stm32f1xx_hal_tim_ex.o

.debug_aranges  0x0000000000000000      0xaa0
 .debug_aranges
                0x0000000000000000       0x20 ./Core/APP/ModeChange/Core/ModeChange.o
 .debug_aranges
                0x0000000000000020       0x40 ./Core/BSW/DigitalTube/Core/DigitalTube.o
 .debug_aranges
                0x0000000000000060       0x28 ./Core/BSW/InM/Core/InM.o
 .debug_aranges
                0x0000000000000088       0x48 ./Core/BSW/LittleOs/Config/Task.o
 .debug_aranges
                0x00000000000000d0       0x28 ./Core/BSW/LittleOs/Core/OS.o
 .debug_aranges
                0x00000000000000f8       0x20 ./Core/BSW/Src/gpio.o
 .debug_aranges
                0x0000000000000118       0x20 ./Core/BSW/Src/iwdg.o
 .debug_aranges
                0x0000000000000138       0x38 ./Core/BSW/Src/main.o
 .debug_aranges
                0x0000000000000170       0x20 ./Core/BSW/Src/stm32f1xx_hal_msp.o
 .debug_aranges
                0x0000000000000190       0x68 ./Core/BSW/Src/stm32f1xx_it.o
 .debug_aranges
                0x00000000000001f8       0x28 ./Core/BSW/Src/system_stm32f1xx.o
 .debug_aranges
                0x0000000000000220       0x30 ./Core/BSW/Src/tim.o
 .debug_aranges
                0x0000000000000250       0x28 ./Core/Startup/startup_stm32f103c6tx.o
 .debug_aranges
                0x0000000000000278       0xe0 ./Drivers/STM32F1xx_HAL_Driver/Src/stm32f1xx_hal.o
 .debug_aranges
                0x0000000000000358      0x100 ./Drivers/STM32F1xx_HAL_Driver/Src/stm32f1xx_hal_cortex.o
 .debug_aranges
                0x0000000000000458       0x58 ./Drivers/STM32F1xx_HAL_Driver/Src/stm32f1xx_hal_gpio.o
 .debug_aranges
                0x00000000000004b0       0x28 ./Drivers/STM32F1xx_HAL_Driver/Src/stm32f1xx_hal_iwdg.o
 .debug_aranges
                0x00000000000004d8       0x90 ./Drivers/STM32F1xx_HAL_Driver/Src/stm32f1xx_hal_rcc.o
 .debug_aranges
                0x0000000000000568      0x3d0 ./Drivers/STM32F1xx_HAL_Driver/Src/stm32f1xx_hal_tim.o
 .debug_aranges
                0x0000000000000938      0x168 ./Drivers/STM32F1xx_HAL_Driver/Src/stm32f1xx_hal_tim_ex.o

.debug_ranges   0x0000000000000000      0x968
 .debug_ranges  0x0000000000000000       0x10 ./Core/APP/ModeChange/Core/ModeChange.o
 .debug_ranges  0x0000000000000010       0x30 ./Core/BSW/DigitalTube/Core/DigitalTube.o
 .debug_ranges  0x0000000000000040       0x18 ./Core/BSW/InM/Core/InM.o
 .debug_ranges  0x0000000000000058       0x38 ./Core/BSW/LittleOs/Config/Task.o
 .debug_ranges  0x0000000000000090       0x18 ./Core/BSW/LittleOs/Core/OS.o
 .debug_ranges  0x00000000000000a8       0x10 ./Core/BSW/Src/gpio.o
 .debug_ranges  0x00000000000000b8       0x10 ./Core/BSW/Src/iwdg.o
 .debug_ranges  0x00000000000000c8       0x28 ./Core/BSW/Src/main.o
 .debug_ranges  0x00000000000000f0       0x10 ./Core/BSW/Src/stm32f1xx_hal_msp.o
 .debug_ranges  0x0000000000000100       0x58 ./Core/BSW/Src/stm32f1xx_it.o
 .debug_ranges  0x0000000000000158       0x18 ./Core/BSW/Src/system_stm32f1xx.o
 .debug_ranges  0x0000000000000170       0x20 ./Core/BSW/Src/tim.o
 .debug_ranges  0x0000000000000190       0x20 ./Core/Startup/startup_stm32f103c6tx.o
 .debug_ranges  0x00000000000001b0       0xd0 ./Drivers/STM32F1xx_HAL_Driver/Src/stm32f1xx_hal.o
 .debug_ranges  0x0000000000000280       0xf0 ./Drivers/STM32F1xx_HAL_Driver/Src/stm32f1xx_hal_cortex.o
 .debug_ranges  0x0000000000000370       0x48 ./Drivers/STM32F1xx_HAL_Driver/Src/stm32f1xx_hal_gpio.o
 .debug_ranges  0x00000000000003b8       0x18 ./Drivers/STM32F1xx_HAL_Driver/Src/stm32f1xx_hal_iwdg.o
 .debug_ranges  0x00000000000003d0       0x80 ./Drivers/STM32F1xx_HAL_Driver/Src/stm32f1xx_hal_rcc.o
 .debug_ranges  0x0000000000000450      0x3c0 ./Drivers/STM32F1xx_HAL_Driver/Src/stm32f1xx_hal_tim.o
 .debug_ranges  0x0000000000000810      0x158 ./Drivers/STM32F1xx_HAL_Driver/Src/stm32f1xx_hal_tim_ex.o

.debug_macro    0x0000000000000000    0x17605
 .debug_macro   0x0000000000000000      0x1f2 ./Core/APP/ModeChange/Core/ModeChange.o
 .debug_macro   0x00000000000001f2      0xa6c ./Core/APP/ModeChange/Core/ModeChange.o
 .debug_macro   0x0000000000000c5e      0x21b ./Core/APP/ModeChange/Core/ModeChange.o
 .debug_macro   0x0000000000000e79       0x2e ./Core/APP/ModeChange/Core/ModeChange.o
 .debug_macro   0x0000000000000ea7       0x22 ./Core/APP/ModeChange/Core/ModeChange.o
 .debug_macro   0x0000000000000ec9       0x22 ./Core/APP/ModeChange/Core/ModeChange.o
 .debug_macro   0x0000000000000eeb       0x8e ./Core/APP/ModeChange/Core/ModeChange.o
 .debug_macro   0x0000000000000f79       0x51 ./Core/APP/ModeChange/Core/ModeChange.o
 .debug_macro   0x0000000000000fca      0x103 ./Core/APP/ModeChange/Core/ModeChange.o
 .debug_macro   0x00000000000010cd       0x6a ./Core/APP/ModeChange/Core/ModeChange.o
 .debug_macro   0x0000000000001137      0x1df ./Core/APP/ModeChange/Core/ModeChange.o
 .debug_macro   0x0000000000001316       0x1c ./Core/APP/ModeChange/Core/ModeChange.o
 .debug_macro   0x0000000000001332       0x22 ./Core/APP/ModeChange/Core/ModeChange.o
 .debug_macro   0x0000000000001354       0xbd ./Core/APP/ModeChange/Core/ModeChange.o
 .debug_macro   0x0000000000001411      0xd23 ./Core/APP/ModeChange/Core/ModeChange.o
 .debug_macro   0x0000000000002134     0xde75 ./Core/APP/ModeChange/Core/ModeChange.o
 .debug_macro   0x000000000000ffa9       0x6d ./Core/APP/ModeChange/Core/ModeChange.o
 .debug_macro   0x0000000000010016     0x348d ./Core/APP/ModeChange/Core/ModeChange.o
 .debug_macro   0x00000000000134a3      0x174 ./Core/APP/ModeChange/Core/ModeChange.o
 .debug_macro   0x0000000000013617       0x5c ./Core/APP/ModeChange/Core/ModeChange.o
 .debug_macro   0x0000000000013673      0x5bc ./Core/APP/ModeChange/Core/ModeChange.o
 .debug_macro   0x0000000000013c2f      0x1b7 ./Core/APP/ModeChange/Core/ModeChange.o
 .debug_macro   0x0000000000013de6      0x1cb ./Core/APP/ModeChange/Core/ModeChange.o
 .debug_macro   0x0000000000013fb1      0x114 ./Core/APP/ModeChange/Core/ModeChange.o
 .debug_macro   0x00000000000140c5      0x1b2 ./Core/APP/ModeChange/Core/ModeChange.o
 .debug_macro   0x0000000000014277       0x27 ./Core/APP/ModeChange/Core/ModeChange.o
 .debug_macro   0x000000000001429e      0x12f ./Core/APP/ModeChange/Core/ModeChange.o
 .debug_macro   0x00000000000143cd      0x1bc ./Core/APP/ModeChange/Core/ModeChange.o
 .debug_macro   0x0000000000014589       0x34 ./Core/APP/ModeChange/Core/ModeChange.o
 .debug_macro   0x00000000000145bd       0x3c ./Core/APP/ModeChange/Core/ModeChange.o
 .debug_macro   0x00000000000145f9       0x57 ./Core/APP/ModeChange/Core/ModeChange.o
 .debug_macro   0x0000000000014650       0x87 ./Core/APP/ModeChange/Core/ModeChange.o
 .debug_macro   0x00000000000146d7      0x183 ./Core/APP/ModeChange/Core/ModeChange.o
 .debug_macro   0x000000000001485a       0x78 ./Core/APP/ModeChange/Core/ModeChange.o
 .debug_macro   0x00000000000148d2      0x140 ./Core/APP/ModeChange/Core/ModeChange.o
 .debug_macro   0x0000000000014a12      0x8ed ./Core/APP/ModeChange/Core/ModeChange.o
 .debug_macro   0x00000000000152ff       0x69 ./Core/APP/ModeChange/Core/ModeChange.o
 .debug_macro   0x0000000000015368       0xc4 ./Core/APP/ModeChange/Core/ModeChange.o
 .debug_macro   0x000000000001542c       0x1c ./Core/APP/ModeChange/Core/ModeChange.o
 .debug_macro   0x0000000000015448       0x10 ./Core/APP/ModeChange/Core/ModeChange.o
 .debug_macro   0x0000000000015458      0x1d3 ./Core/BSW/DigitalTube/Core/DigitalTube.o
 .debug_macro   0x000000000001562b       0x88 ./Core/BSW/DigitalTube/Core/DigitalTube.o
 .debug_macro   0x00000000000156b3      0x1d8 ./Core/BSW/InM/Core/InM.o
 .debug_macro   0x000000000001588b      0x212 ./Core/BSW/LittleOs/Config/Task.o
 .debug_macro   0x0000000000015a9d       0x8e ./Core/BSW/LittleOs/Config/Task.o
 .debug_macro   0x0000000000015b2b       0x10 ./Core/BSW/LittleOs/Config/Task.o
 .debug_macro   0x0000000000015b3b      0x221 ./Core/BSW/LittleOs/Core/OS.o
 .debug_macro   0x0000000000015d5c       0x10 ./Core/BSW/LittleOs/Core/OS.o
 .debug_macro   0x0000000000015d6c      0x1ba ./Core/BSW/Src/gpio.o
 .debug_macro   0x0000000000015f26      0x1ba ./Core/BSW/Src/iwdg.o
 .debug_macro   0x00000000000160e0      0x229 ./Core/BSW/Src/main.o
 .debug_macro   0x0000000000016309       0x22 ./Core/BSW/Src/main.o
 .debug_macro   0x000000000001632b      0x1b0 ./Core/BSW/Src/stm32f1xx_hal_msp.o
 .debug_macro   0x00000000000164db      0x1ba ./Core/BSW/Src/stm32f1xx_it.o
 .debug_macro   0x0000000000016695      0x1a1 ./Core/BSW/Src/system_stm32f1xx.o
 .debug_macro   0x0000000000016836      0x1ba ./Core/BSW/Src/tim.o
 .debug_macro   0x00000000000169f0      0x1c5 ./Drivers/STM32F1xx_HAL_Driver/Src/stm32f1xx_hal.o
 .debug_macro   0x0000000000016bb5      0x1a1 ./Drivers/STM32F1xx_HAL_Driver/Src/stm32f1xx_hal_cortex.o
 .debug_macro   0x0000000000016d56      0x20c ./Drivers/STM32F1xx_HAL_Driver/Src/stm32f1xx_hal_gpio.o
 .debug_macro   0x0000000000016f62      0x1ad ./Drivers/STM32F1xx_HAL_Driver/Src/stm32f1xx_hal_iwdg.o
 .debug_macro   0x000000000001710f      0x1b3 ./Drivers/STM32F1xx_HAL_Driver/Src/stm32f1xx_hal_rcc.o
 .debug_macro   0x00000000000172c2      0x1a2 ./Drivers/STM32F1xx_HAL_Driver/Src/stm32f1xx_hal_tim.o
 .debug_macro   0x0000000000017464      0x1a1 ./Drivers/STM32F1xx_HAL_Driver/Src/stm32f1xx_hal_tim_ex.o

.debug_line     0x0000000000000000     0xe338
 .debug_line    0x0000000000000000      0x8a2 ./Core/APP/ModeChange/Core/ModeChange.o
 .debug_line    0x00000000000008a2      0x842 ./Core/BSW/DigitalTube/Core/DigitalTube.o
 .debug_line    0x00000000000010e4      0x7b0 ./Core/BSW/InM/Core/InM.o
 .debug_line    0x0000000000001894      0xa12 ./Core/BSW/LittleOs/Config/Task.o
 .debug_line    0x00000000000022a6      0xa61 ./Core/BSW/LittleOs/Core/OS.o
 .debug_line    0x0000000000002d07      0x70a ./Core/BSW/Src/gpio.o
 .debug_line    0x0000000000003411      0x6d7 ./Core/BSW/Src/iwdg.o
 .debug_line    0x0000000000003ae8      0xb10 ./Core/BSW/Src/main.o
 .debug_line    0x00000000000045f8      0x6cb ./Core/BSW/Src/stm32f1xx_hal_msp.o
 .debug_line    0x0000000000004cc3      0x7a5 ./Core/BSW/Src/stm32f1xx_it.o
 .debug_line    0x0000000000005468      0x749 ./Core/BSW/Src/system_stm32f1xx.o
 .debug_line    0x0000000000005bb1      0x738 ./Core/BSW/Src/tim.o
 .debug_line    0x00000000000062e9       0x86 ./Core/Startup/startup_stm32f103c6tx.o
 .debug_line    0x000000000000636f      0x972 ./Drivers/STM32F1xx_HAL_Driver/Src/stm32f1xx_hal.o
 .debug_line    0x0000000000006ce1      0xb5a ./Drivers/STM32F1xx_HAL_Driver/Src/stm32f1xx_hal_cortex.o
 .debug_line    0x000000000000783b      0x9f6 ./Drivers/STM32F1xx_HAL_Driver/Src/stm32f1xx_hal_gpio.o
 .debug_line    0x0000000000008231      0x73d ./Drivers/STM32F1xx_HAL_Driver/Src/stm32f1xx_hal_iwdg.o
 .debug_line    0x000000000000896e      0xd7e ./Drivers/STM32F1xx_HAL_Driver/Src/stm32f1xx_hal_rcc.o
 .debug_line    0x00000000000096ec     0x33b4 ./Drivers/STM32F1xx_HAL_Driver/Src/stm32f1xx_hal_tim.o
 .debug_line    0x000000000000caa0     0x1898 ./Drivers/STM32F1xx_HAL_Driver/Src/stm32f1xx_hal_tim_ex.o

.debug_str      0x0000000000000000    0x83027
 .debug_str     0x0000000000000000    0x7fb3d ./Core/APP/ModeChange/Core/ModeChange.o
                                      0x7fe7f (size before relaxing)
 .debug_str     0x000000000007fb3d      0x7e6 ./Core/BSW/DigitalTube/Core/DigitalTube.o
                                      0x80421 (size before relaxing)
 .debug_str     0x0000000000080323       0x4f ./Core/BSW/InM/Core/InM.o
                                      0x7fe7d (size before relaxing)
 .debug_str     0x0000000000080372      0x16d ./Core/BSW/LittleOs/Config/Task.o
                                      0x8067a (size before relaxing)
 .debug_str     0x00000000000804df       0x63 ./Core/BSW/LittleOs/Core/OS.o
                                      0x805af (size before relaxing)
 .debug_str     0x0000000000080542       0xa4 ./Core/BSW/Src/gpio.o
                                      0x7fd4d (size before relaxing)
 .debug_str     0x00000000000805e6       0x40 ./Core/BSW/Src/iwdg.o
                                      0x7fd0b (size before relaxing)
 .debug_str     0x0000000000080626      0x5da ./Core/BSW/Src/main.o
                                      0x80bc4 (size before relaxing)
 .debug_str     0x0000000000080c00       0x5e ./Core/BSW/Src/stm32f1xx_hal_msp.o
                                      0x7fcd5 (size before relaxing)
 .debug_str     0x0000000000080c5e       0xf0 ./Core/BSW/Src/stm32f1xx_it.o
                                      0x801db (size before relaxing)
 .debug_str     0x0000000000080d4e       0x8c ./Core/BSW/Src/system_stm32f1xx.o
                                      0x7fa4a (size before relaxing)
 .debug_str     0x0000000000080dda      0x3b0 ./Core/BSW/Src/tim.o
                                      0x805bc (size before relaxing)
 .debug_str     0x000000000008118a       0x36 ./Core/Startup/startup_stm32f103c6tx.o
                                         0x88 (size before relaxing)
 .debug_str     0x00000000000811c0      0x38e ./Drivers/STM32F1xx_HAL_Driver/Src/stm32f1xx_hal.o
                                      0x8013f (size before relaxing)
 .debug_str     0x000000000008154e      0x294 ./Drivers/STM32F1xx_HAL_Driver/Src/stm32f1xx_hal_cortex.o
                                      0x8008b (size before relaxing)
 .debug_str     0x00000000000817e2      0x2e5 ./Drivers/STM32F1xx_HAL_Driver/Src/stm32f1xx_hal_gpio.o
                                      0x7fdcc (size before relaxing)
 .debug_str     0x0000000000081ac7       0xd4 ./Drivers/STM32F1xx_HAL_Driver/Src/stm32f1xx_hal_iwdg.o
                                      0x7fb08 (size before relaxing)
 .debug_str     0x0000000000081b9b      0x229 ./Drivers/STM32F1xx_HAL_Driver/Src/stm32f1xx_hal_rcc.o
                                      0x7fe75 (size before relaxing)
 .debug_str     0x0000000000081dc4      0xdd0 ./Drivers/STM32F1xx_HAL_Driver/Src/stm32f1xx_hal_tim.o
                                      0x80e67 (size before relaxing)
 .debug_str     0x0000000000082b94      0x493 ./Drivers/STM32F1xx_HAL_Driver/Src/stm32f1xx_hal_tim_ex.o
                                      0x80683 (size before relaxing)

.comment        0x0000000000000000       0x50
 .comment       0x0000000000000000       0x50 ./Core/APP/ModeChange/Core/ModeChange.o
                                         0x51 (size before relaxing)
 .comment       0x0000000000000050       0x51 ./Core/BSW/DigitalTube/Core/DigitalTube.o
 .comment       0x0000000000000050       0x51 ./Core/BSW/InM/Core/InM.o
 .comment       0x0000000000000050       0x51 ./Core/BSW/LittleOs/Config/Task.o
 .comment       0x0000000000000050       0x51 ./Core/BSW/LittleOs/Core/OS.o
 .comment       0x0000000000000050       0x51 ./Core/BSW/Src/gpio.o
 .comment       0x0000000000000050       0x51 ./Core/BSW/Src/iwdg.o
 .comment       0x0000000000000050       0x51 ./Core/BSW/Src/main.o
 .comment       0x0000000000000050       0x51 ./Core/BSW/Src/stm32f1xx_hal_msp.o
 .comment       0x0000000000000050       0x51 ./Core/BSW/Src/stm32f1xx_it.o
 .comment       0x0000000000000050       0x51 ./Core/BSW/Src/system_stm32f1xx.o
 .comment       0x0000000000000050       0x51 ./Core/BSW/Src/tim.o
 .comment       0x0000000000000050       0x51 ./Drivers/STM32F1xx_HAL_Driver/Src/stm32f1xx_hal.o
 .comment       0x0000000000000050       0x51 ./Drivers/STM32F1xx_HAL_Driver/Src/stm32f1xx_hal_cortex.o
 .comment       0x0000000000000050       0x51 ./Drivers/STM32F1xx_HAL_Driver/Src/stm32f1xx_hal_gpio.o
 .comment       0x0000000000000050       0x51 ./Drivers/STM32F1xx_HAL_Driver/Src/stm32f1xx_hal_iwdg.o
 .comment       0x0000000000000050       0x51 ./Drivers/STM32F1xx_HAL_Driver/Src/stm32f1xx_hal_rcc.o
 .comment       0x0000000000000050       0x51 ./Drivers/STM32F1xx_HAL_Driver/Src/stm32f1xx_hal_tim.o
 .comment       0x0000000000000050       0x51 ./Drivers/STM32F1xx_HAL_Driver/Src/stm32f1xx_hal_tim_ex.o

.debug_frame    0x0000000000000000     0x28ac
 .debug_frame   0x0000000000000000       0x30 ./Core/APP/ModeChange/Core/ModeChange.o
 .debug_frame   0x0000000000000030       0xa4 ./Core/BSW/DigitalTube/Core/DigitalTube.o
 .debug_frame   0x00000000000000d4       0x54 ./Core/BSW/InM/Core/InM.o
 .debug_frame   0x0000000000000128       0xc0 ./Core/BSW/LittleOs/Config/Task.o
 .debug_frame   0x00000000000001e8       0x54 ./Core/BSW/LittleOs/Core/OS.o
 .debug_frame   0x000000000000023c       0x34 ./Core/BSW/Src/gpio.o
 .debug_frame   0x0000000000000270       0x2c ./Core/BSW/Src/iwdg.o
 .debug_frame   0x000000000000029c       0x8c ./Core/BSW/Src/main.o
 .debug_frame   0x0000000000000328       0x38 ./Core/BSW/Src/stm32f1xx_hal_msp.o
 .debug_frame   0x0000000000000360      0x120 ./Core/BSW/Src/stm32f1xx_it.o
 .debug_frame   0x0000000000000480       0x58 ./Core/BSW/Src/system_stm32f1xx.o
 .debug_frame   0x00000000000004d8       0x7c ./Core/BSW/Src/tim.o
 .debug_frame   0x0000000000000554      0x334 ./Drivers/STM32F1xx_HAL_Driver/Src/stm32f1xx_hal.o
 .debug_frame   0x0000000000000888      0x428 ./Drivers/STM32F1xx_HAL_Driver/Src/stm32f1xx_hal_cortex.o
 .debug_frame   0x0000000000000cb0      0x14c ./Drivers/STM32F1xx_HAL_Driver/Src/stm32f1xx_hal_gpio.o
 .debug_frame   0x0000000000000dfc       0x5c ./Drivers/STM32F1xx_HAL_Driver/Src/stm32f1xx_hal_iwdg.o
 .debug_frame   0x0000000000000e58      0x218 ./Drivers/STM32F1xx_HAL_Driver/Src/stm32f1xx_hal_rcc.o
 .debug_frame   0x0000000000001070     0x11b8 ./Drivers/STM32F1xx_HAL_Driver/Src/stm32f1xx_hal_tim.o
 .debug_frame   0x0000000000002228      0x638 ./Drivers/STM32F1xx_HAL_Driver/Src/stm32f1xx_hal_tim_ex.o
 .debug_frame   0x0000000000002860       0x2c c:/st/stm32cubeide_1.12.0/stm32cubeide/plugins/com.st.stm32cube.ide.mcu.externaltools.gnu-tools-for-stm32.10.3-2021.10.win32_1.0.200.202301161003/tools/bin/../lib/gcc/arm-none-eabi/10.3.1/../../../../arm-none-eabi/lib/thumb/v7-m/nofp\libc_nano.a(lib_a-init.o)
 .debug_frame   0x000000000000288c       0x20 c:/st/stm32cubeide_1.12.0/stm32cubeide/plugins/com.st.stm32cube.ide.mcu.externaltools.gnu-tools-for-stm32.10.3-2021.10.win32_1.0.200.202301161003/tools/bin/../lib/gcc/arm-none-eabi/10.3.1/../../../../arm-none-eabi/lib/thumb/v7-m/nofp\libc_nano.a(lib_a-memset.o)
